Component: ARM Compiler 5.06 update 5 (build 528) Tool: armlink [4d35e2]

==============================================================================

Section Cross References

    startup_stm32f407xx.o(RESET) refers to startup_stm32f407xx.o(STACK) for __initial_sp
    startup_stm32f407xx.o(RESET) refers to startup_stm32f407xx.o(.text) for Reset_Handler
    startup_stm32f407xx.o(RESET) refers to stm32f4xx_it.o(i.NMI_Handler) for NMI_Handler
    startup_stm32f407xx.o(RESET) refers to stm32f4xx_it.o(i.HardFault_Handler) for HardFault_Handler
    startup_stm32f407xx.o(RESET) refers to stm32f4xx_it.o(i.MemManage_Handler) for MemManage_Handler
    startup_stm32f407xx.o(RESET) refers to stm32f4xx_it.o(i.BusFault_Handler) for BusFault_Handler
    startup_stm32f407xx.o(RESET) refers to stm32f4xx_it.o(i.UsageFault_Handler) for UsageFault_Handler
    startup_stm32f407xx.o(RESET) refers to stm32f4xx_it.o(i.SVC_Handler) for SVC_Handler
    startup_stm32f407xx.o(RESET) refers to stm32f4xx_it.o(i.DebugMon_Handler) for DebugMon_Handler
    startup_stm32f407xx.o(RESET) refers to stm32f4xx_it.o(i.PendSV_Handler) for PendSV_Handler
    startup_stm32f407xx.o(RESET) refers to stm32f4xx_it.o(i.SysTick_Handler) for SysTick_Handler
    startup_stm32f407xx.o(RESET) refers to stm32f4xx_it.o(i.TIM2_IRQHandler) for TIM2_IRQHandler
    startup_stm32f407xx.o(RESET) refers to stm32f4xx_it.o(i.TIM3_IRQHandler) for TIM3_IRQHandler
    startup_stm32f407xx.o(RESET) refers to stm32f4xx_it.o(i.USART1_IRQHandler) for USART1_IRQHandler
    startup_stm32f407xx.o(RESET) refers to stm32f4xx_it.o(i.USART2_IRQHandler) for USART2_IRQHandler
    startup_stm32f407xx.o(RESET) refers to stm32f4xx_it.o(i.USART3_IRQHandler) for USART3_IRQHandler
    startup_stm32f407xx.o(RESET) refers to stm32f4xx_it.o(i.EXTI15_10_IRQHandler) for EXTI15_10_IRQHandler
    startup_stm32f407xx.o(.text) refers to system_stm32f4xx.o(i.SystemInit) for SystemInit
    startup_stm32f407xx.o(.text) refers to entry.o(.ARM.Collect$$$$00000000) for __main
    usart_handler.o(i.BT_GetPacket) refers to ring_buffer.o(i.RingBuffer_Read) for RingBuffer_Read
    usart_handler.o(i.BT_GetPacket) refers to memcpya.o(.text) for __aeabi_memcpy
    usart_handler.o(i.BT_GetPacket) refers to stm32f4xx_hal_uart.o(i.HAL_UART_Transmit) for HAL_UART_Transmit
    usart_handler.o(i.BT_GetPacket) refers to usart_handler.o(.bss) for .bss
    usart_handler.o(i.BT_GetPacket) refers to usart_handler.o(.data) for .data
    usart_handler.o(i.BT_GetPacket) refers to main.o(.bss) for usart3_rx_buffer
    usart_handler.o(i.BT_GetPacket) refers to usart.o(.bss) for huart1
    usart_handler.o(i.BT_SendPacket) refers to usart_handler.o(i.Send_Packet) for Send_Packet
    usart_handler.o(i.BT_SendPacket) refers to usart.o(.bss) for huart3
    usart_handler.o(i.GetPacket) refers to ring_buffer.o(i.RingBuffer_Read) for RingBuffer_Read
    usart_handler.o(i.GetPacket) refers to memcpya.o(.text) for __aeabi_memcpy
    usart_handler.o(i.GetPacket) refers to stm32f4xx_hal_uart.o(i.HAL_UART_Transmit) for HAL_UART_Transmit
    usart_handler.o(i.GetPacket) refers to usart_handler.o(.data) for .data
    usart_handler.o(i.GetPacket) refers to usart.o(.bss) for huart1
    usart_handler.o(i.Pi_Start) refers to usart_handler.o(i.Send_Packet) for Send_Packet
    usart_handler.o(i.Pi_Start) refers to usart.o(.bss) for huart2
    usart_handler.o(i.Send_Packet) refers to stm32f4xx_hal_uart.o(i.HAL_UART_Transmit) for HAL_UART_Transmit
    usart_handler.o(i.Send_Packet) refers to usart_handler.o(.constdata) for .constdata
    usart_handler.o(i.USART1_ProcessReceivedData) refers to ring_buffer.o(i.RingBuffer_Read) for RingBuffer_Read
    usart_handler.o(i.USART1_ProcessReceivedData) refers to strcmp.o(.text) for strcmp
    usart_handler.o(i.USART1_ProcessReceivedData) refers to stm32f4xx_hal_uart.o(i.HAL_UART_Transmit) for HAL_UART_Transmit
    usart_handler.o(i.USART1_ProcessReceivedData) refers to usart_handler.o(.data) for .data
    usart_handler.o(i.USART1_ProcessReceivedData) refers to main.o(.bss) for usart1_rx_buffer
    usart_handler.o(i.USART1_ProcessReceivedData) refers to usart.o(.bss) for huart1
    usart_handler.o(i.USART2_ProcessReceivedData) refers to ring_buffer.o(i.RingBuffer_Read) for RingBuffer_Read
    usart_handler.o(i.USART2_ProcessReceivedData) refers to stm32f4xx_hal_uart.o(i.HAL_UART_Transmit) for HAL_UART_Transmit
    usart_handler.o(i.USART2_ProcessReceivedData) refers to usart_handler.o(.data) for .data
    usart_handler.o(i.USART2_ProcessReceivedData) refers to main.o(.bss) for usart2_rx_buffer
    usart_handler.o(i.USART2_ProcessReceivedData) refers to usart.o(.bss) for huart1
    ring_buffer.o(i.RingBuffer_Init) refers to memseta.o(.text) for __aeabi_memclr
    control.o(i.Car_Go) refers to control.o(i.Set_Control_Mode) for Set_Control_Mode
    control.o(i.Car_Go) refers to control.o(i.Set_Motor_Target_Speed) for Set_Motor_Target_Speed
    control.o(i.Car_Go) refers to control.o(.data) for .data
[...]
    ../clib/microlib/printf/printf.c         0x00000000   Number         0  printf2.o ABSOLUTE
    ../clib/microlib/printf/printf.c         0x00000000   Number         0  printf8.o ABSOLUTE
    ../clib/microlib/printf/printf.c         0x00000000   Number         0  printf6.o ABSOLUTE
    ../clib/microlib/printf/printf.c         0x00000000   Number         0  printf5.o ABSOLUTE
    ../clib/microlib/printf/printf.c         0x00000000   Number         0  printf4.o ABSOLUTE
    ../clib/microlib/printf/printf.c         0x00000000   Number         0  printf3.o ABSOLUTE
    ../clib/microlib/printf/printf.c         0x00000000   Number         0  printf1.o ABSOLUTE
    ../clib/microlib/printf/printf.c         0x00000000   Number         0  printf0.o ABSOLUTE
    ../clib/microlib/printf/printf.c         0x00000000   Number         0  printfb.o ABSOLUTE
    ../clib/microlib/printf/printf.c         0x00000000   Number         0  printfa.o ABSOLUTE
    ../clib/microlib/printf/stubs.s          0x00000000   Number         0  stubs.o ABSOLUTE
    ../clib/microlib/string/memcpy.c         0x00000000   Number         0  memcpya.o ABSOLUTE
    ../clib/microlib/string/memcpy.c         0x00000000   Number         0  memcpyb.o ABSOLUTE
    ../clib/microlib/string/memset.c         0x00000000   Number         0  memseta.o ABSOLUTE
    ../clib/microlib/string/strcmp.c         0x00000000   Number         0  strcmp.o ABSOLUTE
    ../clib/microlib/string/strlen.c         0x00000000   Number         0  strlen.o ABSOLUTE
    ../clib/microlib/stubs.s                 0x00000000   Number         0  iusefp.o ABSOLUTE
    ../clib/microlib/stubs.s                 0x00000000   Number         0  useno.o ABSOLUTE
    ../fplib/microlib/f2d.c                  0x00000000   Number         0  f2d.o ABSOLUTE
    ../fplib/microlib/fpadd.c                0x00000000   Number         0  dadd.o ABSOLUTE
    ../fplib/microlib/fpdiv.c                0x00000000   Number         0  ddiv.o ABSOLUTE
    ../fplib/microlib/fpepilogue.c           0x00000000   Number         0  depilogue.o ABSOLUTE
    ../fplib/microlib/fpfix.c                0x00000000   Number         0  dfixul.o ABSOLUTE
    ../fplib/microlib/fpmul.c                0x00000000   Number         0  dmul.o ABSOLUTE
    ..\Core\Src\Control.c                    0x00000000   Number         0  control.o ABSOLUTE
    ..\Core\Src\gpio.c                       0x00000000   Number         0  gpio.o ABSOLUTE
    ..\Core\Src\main.c                       0x00000000   Number         0  main.o ABSOLUTE
    ..\Core\Src\ring_buffer.c                0x00000000   Number         0  ring_buffer.o ABSOLUTE
    ..\Core\Src\stm32f4xx_hal_msp.c          0x00000000   Number         0  stm32f4xx_hal_msp.o ABSOLUTE
    ..\Core\Src\stm32f4xx_it.c               0x00000000   Number         0  stm32f4xx_it.o ABSOLUTE
    ..\Core\Src\system_stm32f4xx.c           0x00000000   Number         0  system_stm32f4xx.o ABSOLUTE
    ..\Core\Src\tim.c                        0x00000000   Number         0  tim.o ABSOLUTE
    ..\Core\Src\usart.c                      0x00000000   Number         0  usart.o ABSOLUTE
    ..\Core\Src\usart_handler.c              0x00000000   Number         0  usart_handler.o ABSOLUTE
    ..\Drivers\STM32F4xx_HAL_Driver\Src\stm32f4xx_hal.c 0x00000000   Number         0  stm32f4xx_hal.o ABSOLUTE
    ..\Drivers\STM32F4xx_HAL_Driver\Src\stm32f4xx_hal_cortex.c 0x00000000   Number         0  stm32f4xx_hal_cortex.o ABSOLUTE
    ..\Drivers\STM32F4xx_HAL_Driver\Src\stm32f4xx_hal_dma.c 0x00000000   Number         0  stm32f4xx_hal_dma.o ABSOLUTE
    ..\Drivers\STM32F4xx_HAL_Driver\Src\stm32f4xx_hal_dma_ex.c 0x00000000   Number         0  stm32f4xx_hal_dma_ex.o ABSOLUTE
    ..\Drivers\STM32F4xx_HAL_Driver\Src\stm32f4xx_hal_exti.c 0x00000000   Number         0  stm32f4xx_hal_exti.o ABSOLUTE
    ..\Drivers\STM32F4xx_HAL_Driver\Src\stm32f4xx_hal_flash.c 0x00000000   Number         0  stm32f4xx_hal_flash.o ABSOLUTE
    ..\Drivers\STM32F4xx_HAL_Driver\Src\stm32f4xx_hal_flash_ex.c 0x00000000   Number         0  stm32f4xx_hal_flash_ex.o ABSOLUTE
    ..\Drivers\STM32F4xx_HAL_Driver\Src\stm32f4xx_hal_flash_ramfunc.c 0x00000000   Number         0  stm32f4xx_hal_flash_ramfunc.o ABSOLUTE
    ..\Drivers\STM32F4xx_HAL_Driver\Src\stm32f4xx_hal_gpio.c 0x00000000   Number         0  stm32f4xx_hal_gpio.o ABSOLUTE
    ..\Drivers\STM32F4xx_HAL_Driver\Src\stm32f4xx_hal_pwr.c 0x00000000   Number         0  stm32f4xx_hal_pwr.o ABSOLUTE
    ..\Drivers\STM32F4xx_HAL_Driver\Src\stm32f4xx_hal_pwr_ex.c 0x00000000   Number         0  stm32f4xx_hal_pwr_ex.o ABSOLUTE
    ..\Drivers\STM32F4xx_HAL_Driver\Src\stm32f4xx_hal_rcc.c 0x00000000   Number         0  stm32f4xx_hal_rcc.o ABSOLUTE
    ..\Drivers\STM32F4xx_HAL_Driver\Src\stm32f4xx_hal_rcc_ex.c 0x00000000   Number         0  stm32f4xx_hal_rcc_ex.o ABSOLUTE
    ..\Drivers\STM32F4xx_HAL_Driver\Src\stm32f4xx_hal_tim.c 0x00000000   Number         0  stm32f4xx_hal_tim.o ABSOLUTE
    ..\Drivers\STM32F4xx_HAL_Driver\Src\stm32f4xx_hal_tim_ex.c 0x00000000   Number         0  stm32f4xx_hal_tim_ex.o ABSOLUTE
    ..\Drivers\STM32F4xx_HAL_Driver\Src\stm32f4xx_hal_uart.c 0x00000000   Number         0  stm32f4xx_hal_uart.o ABSOLUTE
    ..\\Core\\Src\\Control.c                 0x00000000   Number         0  control.o ABSOLUTE
    ..\\Core\\Src\\ring_buffer.c             0x00000000   Number         0  ring_buffer.o ABSOLUTE
    ..\\Core\\Src\\usart_handler.c           0x00000000   Number         0  usart_handler.o ABSOLUTE
    cdrcmple.s                               0x00000000   Number         0  cdrcmple.o ABSOLUTE
    dc.s                                     0x00000000   Number         0  dc.o ABSOLUTE
    handlers.s                               0x00000000   Number         0  handlers.o ABSOLUTE
    init.s                                   0x00000000   Number         0  init.o ABSOLUTE
    startup_stm32f407xx.s                    0x00000000   Number         0  startup_stm32f407xx.o ABSOLUTE
    RESET                                    0x08000000   Section      392  startup_stm32f407xx.o(RESET)
    .ARM.Collect$$$$00000000                 0x08000188   Section        0  entry.o(.ARM.Collect$$$$00000000)
    .ARM.Collect$$$$00000001                 0x08000188   Section        4  entry2.o(.ARM.Collect$$$$00000001)
    .ARM.Collect$$$$00000004                 0x0800018c   Section        4  entry5.o(.ARM.Collect$$$$00000004)
    .ARM.Collect$$$$00000008                 0x08000190   Section        0  entry7b.o(.ARM.Collect$$$$00000008)
    .ARM.Collect$$$$0000000A                 0x08000190   Section        0  entry8b.o(.ARM.Collect$$$$0000000A)
    .ARM.Collect$$$$0000000B                 0x08000190   Section        8  entry9a.o(.ARM.Collect$$$$0000000B)
    .ARM.Collect$$$$0000000D                 0x08000198   Section        0  entry10a.o(.ARM.Collect$$$$0000000D)
    .ARM.Collect$$$$0000000F                 0x08000198   Section        0  entry11a.o(.ARM.Collect$$$$0000000F)
    .ARM.Collect$$$$00002712                 0x08000198   Section        4  entry2.o(.ARM.Collect$$$$00002712)
    __lit__00000000                          0x08000198   Data           4  entry2.o(.ARM.Collect$$$$00002712)
    .text                                    0x0800019c   Section       36  startup_stm32f407xx.o(.text)
    $v0                                      0x0800019c   Number         0  startup_stm32f407xx.o(.text)
    .text                                    0x080001c0   Section        0  uldiv.o(.text)
    .text                                    0x08000222   Section        0  memcpya.o(.text)
    .text                                    0x08000246   Section        0  memseta.o(.text)
    .text                                    0x0800026a   Section        0  strcmp.o(.text)
    .text                                    0x08000286   Section        0  f2d.o(.text)
    .text                                    0x080002ac   Section        0  uidiv.o(.text)
    .text                                    0x080002d8   Section        0  llshl.o(.text)
    .text                                    0x080002f6   Section        0  llushr.o(.text)
    .text                                    0x08000316   Section        0  iusefp.o(.text)
    .text                                    0x08000316   Section        0  dadd.o(.text)
    .text                                    0x08000464   Section        0  dmul.o(.text)
    .text                                    0x08000548   Section        0  ddiv.o(.text)
    .text                                    0x08000626   Section        0  dfixul.o(.text)
    .text                                    0x08000658   Section       48  cdrcmple.o(.text)
    .text                                    0x08000688   Section       36  init.o(.text)
    .text                                    0x080006ac   Section        0  llsshr.o(.text)
    .text                                    0x080006d0   Section        0  depilogue.o(.text)
    i.BusFault_Handler                       0x0800078a   Section        0  stm32f4xx_it.o(i.BusFault_Handler)
    i.Car_Go                                 0x0800078c   Section        0  control.o(i.Car_Go)
    i.Car_Stop                               0x080007bc   Section        0  control.o(i.Car_Stop)
    i.Car_Stop_Precise                       0x080007e0   Section        0  control.o(i.Car_Stop_Precise)
    i.Car_Straight_Then_Turn_Left_90_And_Stop 0x08000800   Section        0  control.o(i.Car_Straight_Then_Turn_Left_90_And_Stop)
    i.Car_Straight_Then_Turn_Right_90_And_Stop 0x080008a8   Section        0  control.o(i.Car_Straight_Then_Turn_Right_90_And_Stop)
    i.Car_Turn_Around_And_Stop               0x08000b54   Section        0  control.o(i.Car_Turn_Around_And_Stop)
    i.DebugMon_Handler                       0x08000ba8   Section        0  stm32f4xx_it.o(i.DebugMon_Handler)
    i.EXTI15_10_IRQHandler                   0x08000baa   Section        0  stm32f4xx_it.o(i.EXTI15_10_IRQHandler)
    i.Encoder_Init                           0x08000bb4   Section        0  control.o(i.Encoder_Init)
    i.Encoder_Update                         0x08000be8   Section        0  control.o(i.Encoder_Update)
    i.Error_Handler                          0x08000c6c   Section        0  main.o(i.Error_Handler)
    i.Execute_Cross_Action                   0x08000c70   Section        0  main.o(i.Execute_Cross_Action)
    i.Execute_Line_Tracking                  0x08000d10   Section        0  main.o(i.Execute_Line_Tracking)
    i.GetPacket                              0x08000d48   Section        0  usart_handler.o(i.GetPacket)
    i.HAL_DMA_Abort                          0x08000e10   Section        0  stm32f4xx_hal_dma.o(i.HAL_DMA_Abort)
    i.HAL_DMA_Abort_IT                       0x08000ea2   Section        0  stm32f4xx_hal_dma.o(i.HAL_DMA_Abort_IT)
    i.HAL_Delay                              0x08000ec8   Section        0  stm32f4xx_hal.o(i.HAL_Delay)
    i.HAL_GPIO_EXTI_Callback                 0x08000eec   Section        0  stm32f4xx_it.o(i.HAL_GPIO_EXTI_Callback)
    i.HAL_GPIO_EXTI_IRQHandler               0x08000f60   Section        0  stm32f4xx_hal_gpio.o(i.HAL_GPIO_EXTI_IRQHandler)
    i.HAL_GPIO_Init                          0x08000f78   Section        0  stm32f4xx_hal_gpio.o(i.HAL_GPIO_Init)
    i.HAL_GPIO_ReadPin                       0x08001168   Section        0  stm32f4xx_hal_gpio.o(i.HAL_GPIO_ReadPin)
    i.HAL_GPIO_WritePin                      0x08001172   Section        0  stm32f4xx_hal_gpio.o(i.HAL_GPIO_WritePin)
    i.HAL_GetTick                            0x0800117c   Section        0  stm32f4xx_hal.o(i.HAL_GetTick)
    i.HAL_IncTick                            0x08001188   Section        0  stm32f4xx_hal.o(i.HAL_IncTick)
    i.HAL_Init                               0x08001198   Section        0  stm32f4xx_hal.o(i.HAL_Init)
    i.HAL_InitTick                           0x080011cc   Section        0  stm32f4xx_hal.o(i.HAL_InitTick)
    i.HAL_MspInit                            0x0800120c   Section        0  stm32f4xx_hal_msp.o(i.HAL_MspInit)
    i.HAL_NVIC_EnableIRQ                     0x0800123c   Section        0  stm32f4xx_hal_cortex.o(i.HAL_NVIC_EnableIRQ)
    i.HAL_NVIC_SetPriority                   0x08001258   Section        0  stm32f4xx_hal_cortex.o(i.HAL_NVIC_SetPriority)
    i.HAL_NVIC_SetPriorityGrouping           0x08001298   Section        0  stm32f4xx_hal_cortex.o(i.HAL_NVIC_SetPriorityGrouping)
    i.HAL_RCC_ClockConfig                    0x080012bc   Section        0  stm32f4xx_hal_rcc.o(i.HAL_RCC_ClockConfig)
    i.HAL_RCC_GetPCLK1Freq                   0x080013f0   Section        0  stm32f4xx_hal_rcc.o(i.HAL_RCC_GetPCLK1Freq)
    i.HAL_RCC_GetPCLK2Freq                   0x08001410   Section        0  stm32f4xx_hal_rcc.o(i.HAL_RCC_GetPCLK2Freq)
    i.HAL_RCC_GetSysClockFreq                0x08001430   Section        0  stm32f4xx_hal_rcc.o(i.HAL_RCC_GetSysClockFreq)
    i.HAL_RCC_OscConfig                      0x08001490   Section        0  stm32f4xx_hal_rcc.o(i.HAL_RCC_OscConfig)
    i.HAL_SYSTICK_Config                     0x080017fc   Section        0  stm32f4xx_hal_cortex.o(i.HAL_SYSTICK_Config)
    i.HAL_TIMEx_BreakCallback                0x08001824   Section        0  stm32f4xx_hal_tim_ex.o(i.HAL_TIMEx_BreakCallback)
    i.HAL_TIMEx_CommutCallback               0x08001826   Section        0  stm32f4xx_hal_tim_ex.o(i.HAL_TIMEx_CommutCallback)
    i.HAL_TIMEx_MasterConfigSynchronization  0x08001828   Section        0  stm32f4xx_hal_tim_ex.o(i.HAL_TIMEx_MasterConfigSynchronization)
    i.HAL_TIM_Base_Init                      0x080018b8   Section        0  stm32f4xx_hal_tim.o(i.HAL_TIM_Base_Init)
    i.HAL_TIM_Base_MspInit                   0x08001914   Section        0  tim.o(i.HAL_TIM_Base_MspInit)
    i.HAL_TIM_ConfigClockSource              0x08001974   Section        0  stm32f4xx_hal_tim.o(i.HAL_TIM_ConfigClockSource)
    i.HAL_TIM_Encoder_Init                   0x08001a50   Section        0  stm32f4xx_hal_tim.o(i.HAL_TIM_Encoder_Init)
    i.HAL_TIM_Encoder_MspInit                0x08001af4   Section        0  tim.o(i.HAL_TIM_Encoder_MspInit)
    i.HAL_TIM_Encoder_Start                  0x08001b9c   Section        0  stm32f4xx_hal_tim.o(i.HAL_TIM_Encoder_Start)
    i.HAL_TIM_IC_CaptureCallback             0x08001c2a   Section        0  stm32f4xx_hal_tim.o(i.HAL_TIM_IC_CaptureCallback)
    i.HAL_TIM_IRQHandler                     0x08001c2c   Section        0  stm32f4xx_hal_tim.o(i.HAL_TIM_IRQHandler)
    i.HAL_TIM_MspPostInit                    0x08001d5c   Section        0  tim.o(i.HAL_TIM_MspPostInit)
    i.HAL_TIM_OC_DelayElapsedCallback        0x08001dac   Section        0  stm32f4xx_hal_tim.o(i.HAL_TIM_OC_DelayElapsedCallback)
    i.HAL_TIM_PWM_ConfigChannel              0x08001dae   Section        0  stm32f4xx_hal_tim.o(i.HAL_TIM_PWM_ConfigChannel)
    i.HAL_TIM_PWM_Init                       0x08001e7a   Section        0  stm32f4xx_hal_tim.o(i.HAL_TIM_PWM_Init)
    i.HAL_TIM_PWM_MspInit                    0x08001ed4   Section        0  stm32f4xx_hal_tim.o(i.HAL_TIM_PWM_MspInit)
    i.HAL_TIM_PWM_PulseFinishedCallback      0x08001ed6   Section        0  stm32f4xx_hal_tim.o(i.HAL_TIM_PWM_PulseFinishedCallback)
    i.HAL_TIM_PWM_Start                      0x08001ed8   Section        0  stm32f4xx_hal_tim.o(i.HAL_TIM_PWM_Start)
    i.HAL_TIM_PeriodElapsedCallback          0x08001fa0   Section        0  stm32f4xx_hal_tim.o(i.HAL_TIM_PeriodElapsedCallback)
    i.HAL_TIM_TriggerCallback                0x08001fa2   Section        0  stm32f4xx_hal_tim.o(i.HAL_TIM_TriggerCallback)
    i.HAL_UARTEx_RxEventCallback             0x08001fa4   Section        0  stm32f4xx_hal_uart.o(i.HAL_UARTEx_RxEventCallback)
    i.HAL_UART_ErrorCallback                 0x08001fa6   Section        0  stm32f4xx_hal_uart.o(i.HAL_UART_ErrorCallback)
    i.HAL_UART_IRQHandler                    0x08001fa8   Section        0  stm32f4xx_hal_uart.o(i.HAL_UART_IRQHandler)
    i.HAL_UART_Init                          0x08002228   Section        0  stm32f4xx_hal_uart.o(i.HAL_UART_Init)
    i.HAL_UART_MspInit                       0x0800228c   Section        0  usart.o(i.HAL_UART_MspInit)
    i.HAL_UART_Receive_IT                    0x080023ac   Section        0  stm32f4xx_hal_uart.o(i.HAL_UART_Receive_IT)
    i.HAL_UART_RxCpltCallback                0x080023c8   Section        0  stm32f4xx_it.o(i.HAL_UART_RxCpltCallback)
    i.HAL_UART_Transmit                      0x08002450   Section        0  stm32f4xx_hal_uart.o(i.HAL_UART_Transmit)
    i.HAL_UART_TxCpltCallback                0x080024f0   Section        0  stm32f4xx_hal_uart.o(i.HAL_UART_TxCpltCallback)
    i.Handle_Arrival                         0x080024f4   Section        0  main.o(i.Handle_Arrival)
    i.Handle_Cross_Road                      0x080026c8   Section        0  main.o(i.Handle_Cross_Road)
    i.HardFault_Handler                      0x080027c0   Section        0  stm32f4xx_it.o(i.HardFault_Handler)
    i.Is_Motion_Complete                     0x080027c4   Section        0  control.o(i.Is_Motion_Complete)
    i.Is_Position_Control_Complete           0x080027d0   Section        0  control.o(i.Is_Position_Control_Complete)
    i.Line_Tracking_Task                     0x08002920   Section        0  main.o(i.Line_Tracking_Task)
    i.MX_GPIO_Init                           0x0800293c   Section        0  gpio.o(i.MX_GPIO_Init)
    i.MX_TIM2_Init                           0x08002a4c   Section        0  tim.o(i.MX_TIM2_Init)
    i.MX_TIM3_Init                           0x08002af8   Section        0  tim.o(i.MX_TIM3_Init)
    i.MX_TIM4_Init                           0x08002b60   Section        0  tim.o(i.MX_TIM4_Init)
    i.MX_TIM8_Init                           0x08002bc8   Section        0  tim.o(i.MX_TIM8_Init)
    i.MX_USART1_UART_Init                    0x08002c34   Section        0  usart.o(i.MX_USART1_UART_Init)
    i.MX_USART2_UART_Init                    0x08002c6c   Section        0  usart.o(i.MX_USART2_UART_Init)
    i.MX_USART3_UART_Init                    0x08002ca4   Section        0  usart.o(i.MX_USART3_UART_Init)
    i.MemManage_Handler                      0x08002cdc   Section        0  stm32f4xx_it.o(i.MemManage_Handler)
    i.Motor_Action                           0x08002ce0   Section        0  main.o(i.Motor_Action)
    i.Motor_Control_Task                     0x08002f14   Section        0  control.o(i.Motor_Control_Task)
    i.Motor_Init                             0x08002ff8   Section        0  control.o(i.Motor_Init)
    i.Motor_Left_SetSpeed                    0x08003058   Section        0  control.o(i.Motor_Left_SetSpeed)
    i.Motor_PID_Init                         0x080030ac   Section        0  control.o(i.Motor_PID_Init)
    i.Motor_PID_Position_Control             0x080031d0   Section        0  control.o(i.Motor_PID_Position_Control)
    i.Motor_PID_Speed_Control                0x0800320c   Section        0  control.o(i.Motor_PID_Speed_Control)
    i.Motor_Right_SetSpeed                   0x08003240   Section        0  control.o(i.Motor_Right_SetSpeed)
    i.NMI_Handler                            0x08003294   Section        0  stm32f4xx_it.o(i.NMI_Handler)
    i.PID_Compute                            0x08003298   Section        0  control.o(i.PID_Compute)
    i.PID_Init                               0x08003368   Section        0  control.o(i.PID_Init)
    i.PID_Reset                              0x080033c8   Section        0  control.o(i.PID_Reset)
    i.PendSV_Handler                         0x080033f0   Section        0  stm32f4xx_it.o(i.PendSV_Handler)
    i.Pi_Start                               0x080033f4   Section        0  usart_handler.o(i.Pi_Start)
    i.Process_Communication                  0x08003408   Section        0  main.o(i.Process_Communication)
    i.RingBuffer_Init                        0x080034a8   Section        0  ring_buffer.o(i.RingBuffer_Init)
    i.RingBuffer_Read                        0x080034be   Section        0  ring_buffer.o(i.RingBuffer_Read)
    i.RingBuffer_Write                       0x080034e6   Section        0  ring_buffer.o(i.RingBuffer_Write)
    i.SVC_Handler                            0x0800350c   Section        0  stm32f4xx_it.o(i.SVC_Handler)
    i.Send_Packet                            0x08003510   Section        0  usart_handler.o(i.Send_Packet)
    i.Set_Control_Mode                       0x0800354c   Section        0  control.o(i.Set_Control_Mode)
    i.Set_Motor_Target_Position              0x0800358c   Section        0  control.o(i.Set_Motor_Target_Position)
    i.Set_Motor_Target_Speed                 0x080035a0   Section        0  control.o(i.Set_Motor_Target_Speed)
    i.SysTick_Handler                        0x080035b4   Section        0  stm32f4xx_it.o(i.SysTick_Handler)
    i.SystemClock_Config                     0x080035b8   Section        0  main.o(i.SystemClock_Config)
    i.SystemInit                             0x0800364c   Section        0  system_stm32f4xx.o(i.SystemInit)
    i.System_Init                            0x0800365c   Section        0  main.o(i.System_Init)
    i.TB6612_SetMotor                        0x080036fc   Section        0  control.o(i.TB6612_SetMotor)
    i.TIM2_IRQHandler                        0x08003784   Section        0  stm32f4xx_it.o(i.TIM2_IRQHandler)
    i.TIM3_IRQHandler                        0x08003790   Section        0  stm32f4xx_it.o(i.TIM3_IRQHandler)
    i.TIM_Base_SetConfig                     0x0800379c   Section        0  stm32f4xx_hal_tim.o(i.TIM_Base_SetConfig)
    i.TIM_CCxChannelCmd                      0x0800386c   Section        0  stm32f4xx_hal_tim.o(i.TIM_CCxChannelCmd)
    i.TIM_ETR_SetConfig                      0x08003886   Section        0  stm32f4xx_hal_tim.o(i.TIM_ETR_SetConfig)
    i.TIM_ITRx_SetConfig                     0x0800389a   Section        0  stm32f4xx_hal_tim.o(i.TIM_ITRx_SetConfig)
    TIM_ITRx_SetConfig                       0x0800389b   Thumb Code    16  stm32f4xx_hal_tim.o(i.TIM_ITRx_SetConfig)
    i.TIM_OC1_SetConfig                      0x080038ac   Section        0  stm32f4xx_hal_tim.o(i.TIM_OC1_SetConfig)
    TIM_OC1_SetConfig                        0x080038ad   Thumb Code    88  stm32f4xx_hal_tim.o(i.TIM_OC1_SetConfig)
    i.TIM_OC2_SetConfig                      0x0800390c   Section        0  stm32f4xx_hal_tim.o(i.TIM_OC2_SetConfig)
    i.TIM_OC3_SetConfig                      0x08003978   Section        0  stm32f4xx_hal_tim.o(i.TIM_OC3_SetConfig)
    TIM_OC3_SetConfig                        0x08003979   Thumb Code    96  stm32f4xx_hal_tim.o(i.TIM_OC3_SetConfig)
    i.TIM_OC4_SetConfig                      0x080039e0   Section        0  stm32f4xx_hal_tim.o(i.TIM_OC4_SetConfig)
    TIM_OC4_SetConfig                        0x080039e1   Thumb Code    70  stm32f4xx_hal_tim.o(i.TIM_OC4_SetConfig)
    i.TIM_TI1_ConfigInputStage               0x08003a30   Section        0  stm32f4xx_hal_tim.o(i.TIM_TI1_ConfigInputStage)
    TIM_TI1_ConfigInputStage                 0x08003a31   Thumb Code    34  stm32f4xx_hal_tim.o(i.TIM_TI1_ConfigInputStage)
    i.TIM_TI2_ConfigInputStage               0x08003a52   Section        0  stm32f4xx_hal_tim.o(i.TIM_TI2_ConfigInputStage)
    TIM_TI2_ConfigInputStage                 0x08003a53   Thumb Code    36  stm32f4xx_hal_tim.o(i.TIM_TI2_ConfigInputStage)
    i.UART_DMAAbortOnError                   0x08003a76   Section        0  stm32f4xx_hal_uart.o(i.UART_DMAAbortOnError)
    UART_DMAAbortOnError                     0x08003a77   Thumb Code    14  stm32f4xx_hal_uart.o(i.UART_DMAAbortOnError)
    i.UART_EndRxTransfer                     0x08003a84   Section        0  stm32f4xx_hal_uart.o(i.UART_EndRxTransfer)
    UART_EndRxTransfer                       0x08003a85   Thumb Code    78  stm32f4xx_hal_uart.o(i.UART_EndRxTransfer)
    i.UART_Receive_IT                        0x08003ad2   Section        0  stm32f4xx_hal_uart.o(i.UART_Receive_IT)
    UART_Receive_IT                          0x08003ad3   Thumb Code   194  stm32f4xx_hal_uart.o(i.UART_Receive_IT)
    i.UART_SetConfig                         0x08003b94   Section        0  stm32f4xx_hal_uart.o(i.UART_SetConfig)
    UART_SetConfig                           0x08003b95   Thumb Code   258  stm32f4xx_hal_uart.o(i.UART_SetConfig)
    i.UART_Start_Receive_IT                  0x08003ca0   Section        0  stm32f4xx_hal_uart.o(i.UART_Start_Receive_IT)
    i.UART_WaitOnFlagUntilTimeout            0x08003cd6   Section        0  stm32f4xx_hal_uart.o(i.UART_WaitOnFlagUntilTimeout)
    UART_WaitOnFlagUntilTimeout              0x08003cd7   Thumb Code   114  stm32f4xx_hal_uart.o(i.UART_WaitOnFlagUntilTimeout)
    i.USART1_IRQHandler                      0x08003d48   Section        0  stm32f4xx_it.o(i.USART1_IRQHandler)
    i.USART1_ProcessReceivedData             0x08003d54   Section        0  usart_handler.o(i.USART1_ProcessReceivedData)
    i.USART2_IRQHandler                      0x08003e10   Section        0  stm32f4xx_it.o(i.USART2_IRQHandler)
    i.USART3_IRQHandler                      0x08003e1c   Section        0  stm32f4xx_it.o(i.USART3_IRQHandler)
    i.UsageFault_Handler                     0x08003e28   Section        0  stm32f4xx_it.o(i.UsageFault_Handler)
    i.__0printf                              0x08003e2c   Section        0  printfa.o(i.__0printf)
    i.__NVIC_SetPriority                     0x08003e4c   Section        0  stm32f4xx_hal_cortex.o(i.__NVIC_SetPriority)
    __NVIC_SetPriority                       0x08003e4d   Thumb Code    32  stm32f4xx_hal_cortex.o(i.__NVIC_SetPriority)
    i.__scatterload_copy                     0x08003e6c   Section       14  handlers.o(i.__scatterload_copy)
    i.__scatterload_null                     0x08003e7a   Section        2  handlers.o(i.__scatterload_null)
    i.__scatterload_zeroinit                 0x08003e7c   Section       14  handlers.o(i.__scatterload_zeroinit)
    i._fp_digits                             0x08003e8c   Section        0  printfa.o(i._fp_digits)
    _fp_digits                               0x08003e8d   Thumb Code   366  printfa.o(i._fp_digits)
    i._printf_core                           0x08004010   Section        0  printfa.o(i._printf_core)
    _printf_core                             0x08004011   Thumb Code  1744  printfa.o(i._printf_core)
    i._printf_post_padding                   0x080046ec   Section        0  printfa.o(i._printf_post_padding)
    _printf_post_padding                     0x080046ed   Thumb Code    36  printfa.o(i._printf_post_padding)
    i._printf_pre_padding                    0x08004710   Section        0  printfa.o(i._printf_pre_padding)
    _printf_pre_padding                      0x08004711   Thumb Code    46  printfa.o(i._printf_pre_padding)
    i.fputc                                  0x08004740   Section        0  usart.o(i.fputc)
    i.main                                   0x08004758   Section        0  main.o(i.main)
    .constdata                               0x080048ac   Section        4  usart_handler.o(.constdata)
    .constdata                               0x080048b0   Section       16  system_stm32f4xx.o(.constdata)
    .constdata                               0x080048c0   Section        8  system_stm32f4xx.o(.constdata)
    .data                                    0x20000000   Section       27  usart_handler.o(.data)
    frame1_state                             0x20000000   Data           1  usart_handler.o(.data)
    bt_frame_state                           0x20000001   Data           1  usart_handler.o(.data)
    frame2_state                             0x20000003   Data           1  usart_handler.o(.data)
    frame1_index                             0x20000004   Data           2  usart_handler.o(.data)
    bt_frame_index                           0x20000006   Data           2  usart_handler.o(.data)
    frame2_index                             0x2000000a   Data           2  usart_handler.o(.data)
    frame1_buffer                            0x2000000c   Data           5  usart_handler.o(.data)
    frame2_buffer                            0x20000016   Data           5  usart_handler.o(.data)
    .data                                    0x2000001c   Section       44  control.o(.data)
    current_control_mode                     0x2000001d   Data           1  control.o(.data)
    motion_complete                          0x2000001e   Data           1  control.o(.data)
    turn_initialized                         0x20000021   Data           1  control.o(.data)
    turn_initialized                         0x20000022   Data           1  control.o(.data)
    turn_initialized                         0x20000023   Data           1  control.o(.data)
    step                                     0x20000024   Data           1  control.o(.data)
    initialized                              0x20000025   Data           1  control.o(.data)
    last_control_time_in                     0x20000030   Data           4  control.o(.data)
    last_control_time_out                    0x20000034   Data           4  control.o(.data)
    .data                                    0x20000048   Section       31  main.o(.data)
    last_status_time                         0x20000054   Data           4  main.o(.data)
    rx_track_buf                             0x20000058   Data           5  main.o(.data)
    rx_buf                                   0x2000005d   Data           5  main.o(.data)
    rx_buf                                   0x20000062   Data           5  main.o(.data)
    .data                                    0x20000068   Section        4  usart.o(.data)
    .data                                    0x2000006c   Section        8  stm32f4xx_it.o(.data)
    debounce_state                           0x2000006c   Data           1  stm32f4xx_it.o(.data)
    debounce_time                            0x20000070   Data           4  stm32f4xx_it.o(.data)
    .data                                    0x20000074   Section       12  stm32f4xx_hal.o(.data)
    .data                                    0x20000080   Section        4  system_stm32f4xx.o(.data)
    .bss                                     0x20000084   Section      360  control.o(.bss)
    .bss                                     0x200001ec   Section      806  main.o(.bss)
    .bss                                     0x20000514   Section      288  tim.o(.bss)
    .bss                                     0x20000634   Section      216  usart.o(.bss)
    STACK                                    0x20000710   Section     1024  startup_stm32f407xx.o(STACK)

    Global Symbols

    Symbol Name                              Value     Ov Type        Size  Object(Section)

    BuildAttributes$$THM_ISAv4$E$P$D$K$B$S$7EM$VFPi3$EXTD16$VFPS$VFMA$PE$A:L22UL41UL21$X:L11$S22US41US21$IEEE1$IW$USESV6$~STKCKD$USESV7$~SHL$OSPACE$ROPI$EBA8$MICROLIB$REQ8$PRES8$EABIv2 0x00000000   Number         0  anon$$obj.o ABSOLUTE
    __ARM_use_no_argv                        0x00000000   Number         0  main.o ABSOLUTE
    __use_no_errno                           0x00000000   Number         0  useno.o ABSOLUTE
    __use_no_exception_handling              0x00000000   Number         0  useno.o ABSOLUTE
    __use_no_fp                              0x00000000   Number         0  useno.o ABSOLUTE
    __use_no_heap                            0x00000000   Number         0  useno.o ABSOLUTE
    __use_no_heap_region                     0x00000000   Number         0  useno.o ABSOLUTE
    __use_no_semihosting                     0x00000000   Number         0  useno.o ABSOLUTE
    __use_no_semihosting_swi                 0x00000000   Number         0  useno.o ABSOLUTE
    __use_no_signal_handling                 0x00000000   Number         0  useno.o ABSOLUTE
    _printf_a                                0x00000000   Number         0  stubs.o ABSOLUTE
    _printf_c                                0x00000000   Number         0  stubs.o ABSOLUTE
    _printf_charcount                        0x00000000   Number         0  stubs.o ABSOLUTE
    _printf_d                                0x00000000   Number         0  stubs.o ABSOLUTE
    _printf_e                                0x00000000   Number         0  stubs.o ABSOLUTE
    _printf_f                                0x00000000   Number         0  stubs.o ABSOLUTE
    _printf_flags                            0x00000000   Number         0  stubs.o ABSOLUTE
    _printf_fp_dec                           0x00000000   Number         0  stubs.o ABSOLUTE
    _printf_fp_hex                           0x00000000   Number         0  stubs.o ABSOLUTE
    _printf_g                                0x00000000   Number         0  stubs.o ABSOLUTE
    _printf_i                                0x00000000   Number         0  stubs.o ABSOLUTE
    _printf_int_dec                          0x00000000   Number         0  stubs.o ABSOLUTE
    _printf_l                                0x00000000   Number         0  stubs.o ABSOLUTE
    _printf_lc                               0x00000000   Number         0  stubs.o ABSOLUTE
    _printf_ll                               0x00000000   Number         0  stubs.o ABSOLUTE
    _printf_lld                              0x00000000   Number         0  stubs.o ABSOLUTE
    _printf_lli                              0x00000000   Number         0  stubs.o ABSOLUTE
    _printf_llo                              0x00000000   Number         0  stubs.o ABSOLUTE
    _printf_llu                              0x00000000   Number         0  stubs.o ABSOLUTE
    _printf_llx                              0x00000000   Number         0  stubs.o ABSOLUTE
    _printf_longlong_dec                     0x00000000   Number         0  stubs.o ABSOLUTE
    _printf_longlong_hex                     0x00000000   Number         0  stubs.o ABSOLUTE
    _printf_longlong_oct                     0x00000000   Number         0  stubs.o ABSOLUTE
    _printf_ls                               0x00000000   Number         0  stubs.o ABSOLUTE
    _printf_mbtowc                           0x00000000   Number         0  stubs.o ABSOLUTE
    _printf_n                                0x00000000   Number         0  stubs.o ABSOLUTE
    _printf_o                                0x00000000   Number         0  stubs.o ABSOLUTE
    _printf_p                                0x00000000   Number         0  stubs.o ABSOLUTE
    _printf_percent                          0x00000000   Number         0  stubs.o ABSOLUTE
    _printf_pre_padding                      0x00000000   Number         0  stubs.o ABSOLUTE
    _printf_return_value                     0x00000000   Number         0  stubs.o ABSOLUTE
    _printf_s                                0x00000000   Number         0  stubs.o ABSOLUTE
    _printf_sizespec                         0x00000000   Number         0  stubs.o ABSOLUTE
    _printf_str                              0x00000000   Number         0  stubs.o ABSOLUTE
    _printf_truncate_signed                  0x00000000   Number         0  stubs.o ABSOLUTE
    _printf_truncate_unsigned                0x00000000   Number         0  stubs.o ABSOLUTE
    _printf_u                                0x00000000   Number         0  stubs.o ABSOLUTE
    _printf_wc                               0x00000000   Number         0  stubs.o ABSOLUTE
    _printf_wctomb                           0x00000000   Number         0  stubs.o ABSOLUTE
    _printf_widthprec                        0x00000000   Number         0  stubs.o ABSOLUTE
    _printf_x                                0x00000000   Number         0  stubs.o ABSOLUTE
    __cpp_initialize__aeabi_                  - Undefined Weak Reference
    __cxa_finalize                            - Undefined Weak Reference
    __decompress                              - Undefined Weak Reference
    _clock_init                               - Undefined Weak Reference
    _microlib_exit                            - Undefined Weak Reference
    __Vectors_Size                           0x00000188   Number         0  startup_stm32f407xx.o ABSOLUTE
    __Vectors                                0x08000000   Data           4  startup_stm32f407xx.o(RESET)
    __Vectors_End                            0x08000188   Data           0  startup_stm32f407xx.o(RESET)
    __main                                   0x08000189   Thumb Code     0  entry.o(.ARM.Collect$$$$00000000)
    _main_stk                                0x08000189   Thumb Code     0  entry2.o(.ARM.Collect$$$$00000001)
    _main_scatterload                        0x0800018d   Thumb Code     0  entry5.o(.ARM.Collect$$$$00000004)
    __main_after_scatterload                 0x08000191   Thumb Code     0  entry5.o(.ARM.Collect$$$$00000004)
    _main_clock                              0x08000191   Thumb Code     0  entry7b.o(.ARM.Collect$$$$00000008)
    _main_cpp_init                           0x08000191   Thumb Code     0  entry8b.o(.ARM.Collect$$$$0000000A)
    _main_init                               0x08000191   Thumb Code     0  entry9a.o(.ARM.Collect$$$$0000000B)
    __rt_final_cpp                           0x08000199   Thumb Code     0  entry10a.o(.ARM.Collect$$$$0000000D)
    __rt_final_exit                          0x08000199   Thumb Code     0  entry11a.o(.ARM.Collect$$$$0000000F)
    Reset_Handler                            0x0800019d   Thumb Code     8  startup_stm32f407xx.o(.text)
    ADC_IRQHandler                           0x080001b7   Thumb Code     0  startup_stm32f407xx.o(.text)
    CAN1_RX0_IRQHandler                      0x080001b7   Thumb Code     0  startup_stm32f407xx.o(.text)
    CAN1_RX1_IRQHandler                      0x080001b7   Thumb Code     0  startup_stm32f407xx.o(.text)
    CAN1_SCE_IRQHandler                      0x080001b7   Thumb Code     0  startup_stm32f407xx.o(.text)
    CAN1_TX_IRQHandler                       0x080001b7   Thumb Code     0  startup_stm32f407xx.o(.text)
    CAN2_RX0_IRQHandler                      0x080001b7   Thumb Code     0  startup_stm32f407xx.o(.text)
    CAN2_RX1_IRQHandler                      0x080001b7   Thumb Code     0  startup_stm32f407xx.o(.text)
    CAN2_SCE_IRQHandler                      0x080001b7   Thumb Code     0  startup_stm32f407xx.o(.text)
    CAN2_TX_IRQHandler                       0x080001b7   Thumb Code     0  startup_stm32f407xx.o(.text)
    DCMI_IRQHandler                          0x080001b7   Thumb Code     0  startup_stm32f407xx.o(.text)
    DMA1_Stream0_IRQHandler                  0x080001b7   Thumb Code     0  startup_stm32f407xx.o(.text)
    DMA1_Stream1_IRQHandler                  0x080001b7   Thumb Code     0  startup_stm32f407xx.o(.text)
    DMA1_Stream2_IRQHandler                  0x080001b7   Thumb Code     0  startup_stm32f407xx.o(.text)
    DMA1_Stream3_IRQHandler                  0x080001b7   Thumb Code     0  startup_stm32f407xx.o(.text)
    DMA1_Stream4_IRQHandler                  0x080001b7   Thumb Code     0  startup_stm32f407xx.o(.text)
    DMA1_Stream5_IRQHandler                  0x080001b7   Thumb Code     0  startup_stm32f407xx.o(.text)
    DMA1_Stream6_IRQHandler                  0x080001b7   Thumb Code     0  startup_stm32f407xx.o(.text)
    DMA1_Stream7_IRQHandler                  0x080001b7   Thumb Code     0  startup_stm32f407xx.o(.text)
    DMA2_Stream0_IRQHandler                  0x080001b7   Thumb Code     0  startup_stm32f407xx.o(.text)
    DMA2_Stream1_IRQHandler                  0x080001b7   Thumb Code     0  startup_stm32f407xx.o(.text)
    DMA2_Stream2_IRQHandler                  0x080001b7   Thumb Code     0  startup_stm32f407xx.o(.text)
    DMA2_Stream3_IRQHandler                  0x080001b7   Thumb Code     0  startup_stm32f407xx.o(.text)
    DMA2_Stream4_IRQHandler                  0x080001b7   Thumb Code     0  startup_stm32f407xx.o(.text)
    DMA2_Stream5_IRQHandler                  0x080001b7   Thumb Code     0  startup_stm32f407xx.o(.text)
    DMA2_Stream6_IRQHandler                  0x080001b7   Thumb Code     0  startup_stm32f407xx.o(.text)
    DMA2_Stream7_IRQHandler                  0x080001b7   Thumb Code     0  startup_stm32f407xx.o(.text)
    ETH_IRQHandler                           0x080001b7   Thumb Code     0  startup_stm32f407xx.o(.text)
    ETH_WKUP_IRQHandler                      0x080001b7   Thumb Code     0  startup_stm32f407xx.o(.text)
    EXTI0_IRQHandler                         0x080001b7   Thumb Code     0  startup_stm32f407xx.o(.text)
    EXTI1_IRQHandler                         0x080001b7   Thumb Code     0  startup_stm32f407xx.o(.text)
    EXTI2_IRQHandler                         0x080001b7   Thumb Code     0  startup_stm32f407xx.o(.text)
    EXTI3_IRQHandler                         0x080001b7   Thumb Code     0  startup_stm32f407xx.o(.text)
    EXTI4_IRQHandler                         0x080001b7   Thumb Code     0  startup_stm32f407xx.o(.text)
    EXTI9_5_IRQHandler                       0x080001b7   Thumb Code     0  startup_stm32f407xx.o(.text)
    FLASH_IRQHandler                         0x080001b7   Thumb Code     0  startup_stm32f407xx.o(.text)
    FMC_IRQHandler                           0x080001b7   Thumb Code     0  startup_stm32f407xx.o(.text)
    FPU_IRQHandler                           0x080001b7   Thumb Code     0  startup_stm32f407xx.o(.text)
    HASH_RNG_IRQHandler                      0x080001b7   Thumb Code     0  startup_stm32f407xx.o(.text)
    I2C1_ER_IRQHandler                       0x080001b7   Thumb Code     0  startup_stm32f407xx.o(.text)
    I2C1_EV_IRQHandler                       0x080001b7   Thumb Code     0  startup_stm32f407xx.o(.text)
    I2C2_ER_IRQHandler                       0x080001b7   Thumb Code     0  startup_stm32f407xx.o(.text)
    I2C2_EV_IRQHandler                       0x080001b7   Thumb Code     0  startup_stm32f407xx.o(.text)
    I2C3_ER_IRQHandler                       0x080001b7   Thumb Code     0  startup_stm32f407xx.o(.text)
    I2C3_EV_IRQHandler                       0x080001b7   Thumb Code     0  startup_stm32f407xx.o(.text)
    OTG_FS_IRQHandler                        0x080001b7   Thumb Code     0  startup_stm32f407xx.o(.text)
    OTG_FS_WKUP_IRQHandler                   0x080001b7   Thumb Code     0  startup_stm32f407xx.o(.text)
    OTG_HS_EP1_IN_IRQHandler                 0x080001b7   Thumb Code     0  startup_stm32f407xx.o(.text)
    OTG_HS_EP1_OUT_IRQHandler                0x080001b7   Thumb Code     0  startup_stm32f407xx.o(.text)
    OTG_HS_IRQHandler                        0x080001b7   Thumb Code     0  startup_stm32f407xx.o(.text)
    OTG_HS_WKUP_IRQHandler                   0x080001b7   Thumb Code     0  startup_stm32f407xx.o(.text)
    PVD_IRQHandler                           0x080001b7   Thumb Code     0  startup_stm32f407xx.o(.text)
    RCC_IRQHandler                           0x080001b7   Thumb Code     0  startup_stm32f407xx.o(.text)
    RTC_Alarm_IRQHandler                     0x080001b7   Thumb Code     0  startup_stm32f407xx.o(.text)
    RTC_WKUP_IRQHandler                      0x080001b7   Thumb Code     0  startup_stm32f407xx.o(.text)
    SDIO_IRQHandler                          0x080001b7   Thumb Code     0  startup_stm32f407xx.o(.text)
    SPI1_IRQHandler                          0x080001b7   Thumb Code     0  startup_stm32f407xx.o(.text)
    SPI2_IRQHandler                          0x080001b7   Thumb Code     0  startup_stm32f407xx.o(.text)
    SPI3_IRQHandler                          0x080001b7   Thumb Code     0  startup_stm32f407xx.o(.text)
    TAMP_STAMP_IRQHandler                    0x080001b7   Thumb Code     0  startup_stm32f407xx.o(.text)
    TIM1_BRK_TIM9_IRQHandler                 0x080001b7   Thumb Code     0  startup_stm32f407xx.o(.text)
    TIM1_CC_IRQHandler                       0x080001b7   Thumb Code     0  startup_stm32f407xx.o(.text)
    TIM1_TRG_COM_TIM11_IRQHandler            0x080001b7   Thumb Code     0  startup_stm32f407xx.o(.text)
    TIM1_UP_TIM10_IRQHandler                 0x080001b7   Thumb Code     0  startup_stm32f407xx.o(.text)
    TIM4_IRQHandler                          0x080001b7   Thumb Code     0  startup_stm32f407xx.o(.text)
    TIM5_IRQHandler                          0x080001b7   Thumb Code     0  startup_stm32f407xx.o(.text)
    TIM6_DAC_IRQHandler                      0x080001b7   Thumb Code     0  startup_stm32f407xx.o(.text)
    TIM7_IRQHandler                          0x080001b7   Thumb Code     0  startup_stm32f407xx.o(.text)
    TIM8_BRK_TIM12_IRQHandler                0x080001b7   Thumb Code     0  startup_stm32f407xx.o(.text)
    TIM8_CC_IRQHandler                       0x080001b7   Thumb Code     0  startup_stm32f407xx.o(.text)
    TIM8_TRG_COM_TIM14_IRQHandler            0x080001b7   Thumb Code     0  startup_stm32f407xx.o(.text)
    TIM8_UP_TIM13_IRQHandler                 0x080001b7   Thumb Code     0  startup_stm32f407xx.o(.text)
    UART4_IRQHandler                         0x080001b7   Thumb Code     0  startup_stm32f407xx.o(.text)
    UART5_IRQHandler                         0x080001b7   Thumb Code     0  startup_stm32f407xx.o(.text)
    USART6_IRQHandler                        0x080001b7   Thumb Code     0  startup_stm32f407xx.o(.text)
    WWDG_IRQHandler                          0x080001b7   Thumb Code     0  startup_stm32f407xx.o(.text)
    __aeabi_uldivmod                         0x080001c1   Thumb Code    98  uldiv.o(.text)
    __aeabi_memcpy                           0x08000223   Thumb Code    36  memcpya.o(.text)
    __aeabi_memcpy4                          0x08000223   Thumb Code     0  memcpya.o(.text)
    __aeabi_memcpy8                          0x08000223   Thumb Code     0  memcpya.o(.text)
    __aeabi_memset                           0x08000247   Thumb Code    14  memseta.o(.text)
    __aeabi_memset4                          0x08000247   Thumb Code     0  memseta.o(.text)
    __aeabi_memset8                          0x08000247   Thumb Code     0  memseta.o(.text)
    __aeabi_memclr                           0x08000255   Thumb Code     4  memseta.o(.text)
    __aeabi_memclr4                          0x08000255   Thumb Code     0  memseta.o(.text)
    __aeabi_memclr8                          0x08000255   Thumb Code     0  memseta.o(.text)
    _memset$wrapper                          0x08000259   Thumb Code    18  memseta.o(.text)
    strcmp                                   0x0800026b   Thumb Code    28  strcmp.o(.text)
    __aeabi_f2d                              0x08000287   Thumb Code    38  f2d.o(.text)
    __aeabi_uidiv                            0x080002ad   Thumb Code     0  uidiv.o(.text)
    __aeabi_uidivmod                         0x080002ad   Thumb Code    44  uidiv.o(.text)
    __aeabi_llsl                             0x080002d9   Thumb Code    30  llshl.o(.text)
    _ll_shift_l                              0x080002d9   Thumb Code     0  llshl.o(.text)
    __aeabi_llsr                             0x080002f7   Thumb Code    32  llushr.o(.text)
    _ll_ushift_r                             0x080002f7   Thumb Code     0  llushr.o(.text)
    __I$use$fp                               0x08000317   Thumb Code     0  iusefp.o(.text)
    __aeabi_dadd                             0x08000317   Thumb Code   322  dadd.o(.text)
    __aeabi_dsub                             0x08000459   Thumb Code     6  dadd.o(.text)
    __aeabi_drsub                            0x0800045f   Thumb Code     6  dadd.o(.text)
    __aeabi_dmul                             0x08000465   Thumb Code   228  dmul.o(.text)
    __aeabi_ddiv                             0x08000549   Thumb Code   222  ddiv.o(.text)
    __aeabi_d2ulz                            0x08000627   Thumb Code    48  dfixul.o(.text)
    __aeabi_cdrcmple                         0x08000659   Thumb Code    48  cdrcmple.o(.text)
    __scatterload                            0x08000689   Thumb Code    28  init.o(.text)
    __scatterload_rt2                        0x08000689   Thumb Code     0  init.o(.text)
    __aeabi_lasr                             0x080006ad   Thumb Code    36  llsshr.o(.text)
    _ll_sshift_r                             0x080006ad   Thumb Code     0  llsshr.o(.text)
    _double_round                            0x080006d1   Thumb Code    30  depilogue.o(.text)
    _double_epilogue                         0x080006ef   Thumb Code   156  depilogue.o(.text)
    BusFault_Handler                         0x0800078b   Thumb Code     2  stm32f4xx_it.o(i.BusFault_Handler)
    Car_Go                                   0x0800078d   Thumb Code    44  control.o(i.Car_Go)
    Car_Stop                                 0x080007bd   Thumb Code    28  control.o(i.Car_Stop)
    Car_Stop_Precise                         0x080007e1   Thumb Code    28  control.o(i.Car_Stop_Precise)
    Car_Straight_Then_Turn_Left_90_And_Stop  0x08000801   Thumb Code   150  control.o(i.Car_Straight_Then_Turn_Left_90_And_Stop)
    Car_Straight_Then_Turn_Right_90_And_Stop 0x080008a9   Thumb Code   288  control.o(i.Car_Straight_Then_Turn_Right_90_And_Stop)
    Car_Turn_Around_And_Stop                 0x08000b55   Thumb Code    72  control.o(i.Car_Turn_Around_And_Stop)
    DebugMon_Handler                         0x08000ba9   Thumb Code     2  stm32f4xx_it.o(i.DebugMon_Handler)
    EXTI15_10_IRQHandler                     0x08000bab   Thumb Code     8  stm32f4xx_it.o(i.EXTI15_10_IRQHandler)
    Encoder_Init                             0x08000bb5   Thumb Code    48  control.o(i.Encoder_Init)
    Encoder_Update                           0x08000be9   Thumb Code   112  control.o(i.Encoder_Update)
    Error_Handler                            0x08000c6d   Thumb Code     4  main.o(i.Error_Handler)
    Execute_Cross_Action                     0x08000c71   Thumb Code    64  main.o(i.Execute_Cross_Action)
    Execute_Line_Tracking                    0x08000d11   Thumb Code    54  main.o(i.Execute_Line_Tracking)
    GetPacket                                0x08000d49   Thumb Code   188  usart_handler.o(i.GetPacket)
    HAL_DMA_Abort                            0x08000e11   Thumb Code   146  stm32f4xx_hal_dma.o(i.HAL_DMA_Abort)
    HAL_DMA_Abort_IT                         0x08000ea3   Thumb Code    36  stm32f4xx_hal_dma.o(i.HAL_DMA_Abort_IT)
    HAL_Delay                                0x08000ec9   Thumb Code    32  stm32f4xx_hal.o(i.HAL_Delay)
    HAL_GPIO_EXTI_Callback                   0x08000eed   Thumb Code    82  stm32f4xx_it.o(i.HAL_GPIO_EXTI_Callback)
    HAL_GPIO_EXTI_IRQHandler                 0x08000f61   Thumb Code    18  stm32f4xx_hal_gpio.o(i.HAL_GPIO_EXTI_IRQHandler)
    HAL_GPIO_Init                            0x08000f79   Thumb Code   450  stm32f4xx_hal_gpio.o(i.HAL_GPIO_Init)
    HAL_GPIO_ReadPin                         0x08001169   Thumb Code    10  stm32f4xx_hal_gpio.o(i.HAL_GPIO_ReadPin)
    HAL_GPIO_WritePin                        0x08001173   Thumb Code    10  stm32f4xx_hal_gpio.o(i.HAL_GPIO_WritePin)
    HAL_GetTick                              0x0800117d   Thumb Code     6  stm32f4xx_hal.o(i.HAL_GetTick)
    HAL_IncTick                              0x08001189   Thumb Code    12  stm32f4xx_hal.o(i.HAL_IncTick)
    HAL_Init                                 0x08001199   Thumb Code    48  stm32f4xx_hal.o(i.HAL_Init)
    HAL_InitTick                             0x080011cd   Thumb Code    54  stm32f4xx_hal.o(i.HAL_InitTick)
    HAL_MspInit                              0x0800120d   Thumb Code    42  stm32f4xx_hal_msp.o(i.HAL_MspInit)
    HAL_NVIC_EnableIRQ                       0x0800123d   Thumb Code    26  stm32f4xx_hal_cortex.o(i.HAL_NVIC_EnableIRQ)
    HAL_NVIC_SetPriority                     0x08001259   Thumb Code    60  stm32f4xx_hal_cortex.o(i.HAL_NVIC_SetPriority)
    HAL_NVIC_SetPriorityGrouping             0x08001299   Thumb Code    26  stm32f4xx_hal_cortex.o(i.HAL_NVIC_SetPriorityGrouping)
    HAL_RCC_ClockConfig                      0x080012bd   Thumb Code   288  stm32f4xx_hal_rcc.o(i.HAL_RCC_ClockConfig)
    HAL_RCC_GetPCLK1Freq                     0x080013f1   Thumb Code    20  stm32f4xx_hal_rcc.o(i.HAL_RCC_GetPCLK1Freq)
    HAL_RCC_GetPCLK2Freq                     0x08001411   Thumb Code    20  stm32f4xx_hal_rcc.o(i.HAL_RCC_GetPCLK2Freq)
    HAL_RCC_GetSysClockFreq                  0x08001431   Thumb Code    88  stm32f4xx_hal_rcc.o(i.HAL_RCC_GetSysClockFreq)
    HAL_RCC_OscConfig                        0x08001491   Thumb Code   856  stm32f4xx_hal_rcc.o(i.HAL_RCC_OscConfig)
    HAL_SYSTICK_Config                       0x080017fd   Thumb Code    40  stm32f4xx_hal_cortex.o(i.HAL_SYSTICK_Config)
    HAL_TIMEx_BreakCallback                  0x08001825   Thumb Code     2  stm32f4xx_hal_tim_ex.o(i.HAL_TIMEx_BreakCallback)
    HAL_TIMEx_CommutCallback                 0x08001827   Thumb Code     2  stm32f4xx_hal_tim_ex.o(i.HAL_TIMEx_CommutCallback)
    HAL_TIMEx_MasterConfigSynchronization    0x08001829   Thumb Code   116  stm32f4xx_hal_tim_ex.o(i.HAL_TIMEx_MasterConfigSynchronization)
    HAL_TIM_Base_Init                        0x080018b9   Thumb Code    90  stm32f4xx_hal_tim.o(i.HAL_TIM_Base_Init)
    HAL_TIM_Base_MspInit                     0x08001915   Thumb Code    86  tim.o(i.HAL_TIM_Base_MspInit)
    HAL_TIM_ConfigClockSource                0x08001975   Thumb Code   220  stm32f4xx_hal_tim.o(i.HAL_TIM_ConfigClockSource)
    HAL_TIM_Encoder_Init                     0x08001a51   Thumb Code   164  stm32f4xx_hal_tim.o(i.HAL_TIM_Encoder_Init)
    HAL_TIM_Encoder_MspInit                  0x08001af5   Thumb Code   148  tim.o(i.HAL_TIM_Encoder_MspInit)
    HAL_TIM_Encoder_Start                    0x08001b9d   Thumb Code   142  stm32f4xx_hal_tim.o(i.HAL_TIM_Encoder_Start)
    HAL_TIM_IC_CaptureCallback               0x08001c2b   Thumb Code     2  stm32f4xx_hal_tim.o(i.HAL_TIM_IC_CaptureCallback)
    HAL_TIM_IRQHandler                       0x08001c2d   Thumb Code   304  stm32f4xx_hal_tim.o(i.HAL_TIM_IRQHandler)
    HAL_TIM_MspPostInit                      0x08001d5d   Thumb Code    70  tim.o(i.HAL_TIM_MspPostInit)
    HAL_TIM_OC_DelayElapsedCallback          0x08001dad   Thumb Code     2  stm32f4xx_hal_tim.o(i.HAL_TIM_OC_DelayElapsedCallback)
    HAL_TIM_PWM_ConfigChannel                0x08001daf   Thumb Code   204  stm32f4xx_hal_tim.o(i.HAL_TIM_PWM_ConfigChannel)
    HAL_TIM_PWM_Init                         0x08001e7b   Thumb Code    90  stm32f4xx_hal_tim.o(i.HAL_TIM_PWM_Init)
    HAL_TIM_PWM_MspInit                      0x08001ed5   Thumb Code     2  stm32f4xx_hal_tim.o(i.HAL_TIM_PWM_MspInit)
    HAL_TIM_PWM_PulseFinishedCallback        0x08001ed7   Thumb Code     2  stm32f4xx_hal_tim.o(i.HAL_TIM_PWM_PulseFinishedCallback)
    HAL_TIM_PWM_Start                        0x08001ed9   Thumb Code   172  stm32f4xx_hal_tim.o(i.HAL_TIM_PWM_Start)
    HAL_TIM_PeriodElapsedCallback            0x08001fa1   Thumb Code     2  stm32f4xx_hal_tim.o(i.HAL_TIM_PeriodElapsedCallback)
    HAL_TIM_TriggerCallback                  0x08001fa3   Thumb Code     2  stm32f4xx_hal_tim.o(i.HAL_TIM_TriggerCallback)
    HAL_UARTEx_RxEventCallback               0x08001fa5   Thumb Code     2  stm32f4xx_hal_uart.o(i.HAL_UARTEx_RxEventCallback)
    HAL_UART_ErrorCallback                   0x08001fa7   Thumb Code     2  stm32f4xx_hal_uart.o(i.HAL_UART_ErrorCallback)
    HAL_UART_IRQHandler                      0x08001fa9   Thumb Code   636  stm32f4xx_hal_uart.o(i.HAL_UART_IRQHandler)
    HAL_UART_Init                            0x08002229   Thumb Code   100  stm32f4xx_hal_uart.o(i.HAL_UART_Init)
    HAL_UART_MspInit                         0x0800228d   Thumb Code   258  usart.o(i.HAL_UART_MspInit)
    HAL_UART_Receive_IT                      0x080023ad   Thumb Code    28  stm32f4xx_hal_uart.o(i.HAL_UART_Receive_IT)
    HAL_UART_RxCpltCallback                  0x080023c9   Thumb Code   112  stm32f4xx_it.o(i.HAL_UART_RxCpltCallback)
    HAL_UART_Transmit                        0x08002451   Thumb Code   160  stm32f4xx_hal_uart.o(i.HAL_UART_Transmit)
    HAL_UART_TxCpltCallback                  0x080024f1   Thumb Code     2  stm32f4xx_hal_uart.o(i.HAL_UART_TxCpltCallback)
    Handle_Arrival                           0x080024f5   Thumb Code   210  main.o(i.Handle_Arrival)
    Handle_Cross_Road                        0x080026c9   Thumb Code   120  main.o(i.Handle_Cross_Road)
    HardFault_Handler                        0x080027c1   Thumb Code     2  stm32f4xx_it.o(i.HardFault_Handler)
    Is_Motion_Complete                       0x080027c5   Thumb Code     6  control.o(i.Is_Motion_Complete)
    Is_Position_Control_Complete             0x080027d1   Thumb Code   212  control.o(i.Is_Position_Control_Complete)
    Line_Tracking_Task                       0x08002921   Thumb Code    24  main.o(i.Line_Tracking_Task)
    MX_GPIO_Init                             0x0800293d   Thumb Code   252  gpio.o(i.MX_GPIO_Init)
    MX_TIM2_Init                             0x08002a4d   Thumb Code   166  tim.o(i.MX_TIM2_Init)
    MX_TIM3_Init                             0x08002af9   Thumb Code    96  tim.o(i.MX_TIM3_Init)
    MX_TIM4_Init                             0x08002b61   Thumb Code    96  tim.o(i.MX_TIM4_Init)
    MX_TIM8_Init                             0x08002bc9   Thumb Code    98  tim.o(i.MX_TIM8_Init)
    MX_USART1_UART_Init                      0x08002c35   Thumb Code    48  usart.o(i.MX_USART1_UART_Init)
    MX_USART2_UART_Init                      0x08002c6d   Thumb Code    48  usart.o(i.MX_USART2_UART_Init)
    MX_USART3_UART_Init                      0x08002ca5   Thumb Code    48  usart.o(i.MX_USART3_UART_Init)
    MemManage_Handler                        0x08002cdd   Thumb Code     2  stm32f4xx_it.o(i.MemManage_Handler)
    Motor_Action                             0x08002ce1   Thumb Code   202  main.o(i.Motor_Action)
    Motor_Control_Task                       0x08002f15   Thumb Code   208  control.o(i.Motor_Control_Task)
    Motor_Init                               0x08002ff9   Thumb Code    82  control.o(i.Motor_Init)
    Motor_Left_SetSpeed                      0x08003059   Thumb Code    78  control.o(i.Motor_Left_SetSpeed)
    Motor_PID_Init                           0x080030ad   Thumb Code   248  control.o(i.Motor_PID_Init)
    Motor_PID_Position_Control               0x080031d1   Thumb Code    60  control.o(i.Motor_PID_Position_Control)
    Motor_PID_Speed_Control                  0x0800320d   Thumb Code    50  control.o(i.Motor_PID_Speed_Control)
    Motor_Right_SetSpeed                     0x08003241   Thumb Code    78  control.o(i.Motor_Right_SetSpeed)
    NMI_Handler                              0x08003295   Thumb Code     2  stm32f4xx_it.o(i.NMI_Handler)
    PID_Compute                              0x08003299   Thumb Code   198  control.o(i.PID_Compute)
    PID_Init                                 0x08003369   Thumb Code    90  control.o(i.PID_Init)
    PID_Reset                                0x080033c9   Thumb Code    36  control.o(i.PID_Reset)
    PendSV_Handler                           0x080033f1   Thumb Code     2  stm32f4xx_it.o(i.PendSV_Handler)
    Pi_Start                                 0x080033f5   Thumb Code    10  usart_handler.o(i.Pi_Start)
    Process_Communication                    0x08003409   Thumb Code    76  main.o(i.Process_Communication)
    RingBuffer_Init                          0x080034a9   Thumb Code    22  ring_buffer.o(i.RingBuffer_Init)
    RingBuffer_Read                          0x080034bf   Thumb Code    40  ring_buffer.o(i.RingBuffer_Read)
    RingBuffer_Write                         0x080034e7   Thumb Code    38  ring_buffer.o(i.RingBuffer_Write)
    SVC_Handler                              0x0800350d   Thumb Code     2  stm32f4xx_it.o(i.SVC_Handler)
    Send_Packet                              0x08003511   Thumb Code    54  usart_handler.o(i.Send_Packet)
    Set_Control_Mode                         0x0800354d   Thumb Code    54  control.o(i.Set_Control_Mode)
    Set_Motor_Target_Position                0x0800358d   Thumb Code    14  control.o(i.Set_Motor_Target_Position)
    Set_Motor_Target_Speed                   0x080035a1   Thumb Code    14  control.o(i.Set_Motor_Target_Speed)
    SysTick_Handler                          0x080035b5   Thumb Code     4  stm32f4xx_it.o(i.SysTick_Handler)
    SystemClock_Config                       0x080035b9   Thumb Code   138  main.o(i.SystemClock_Config)
    SystemInit                               0x0800364d   Thumb Code    12  system_stm32f4xx.o(i.SystemInit)
    System_Init                              0x0800365d   Thumb Code   100  main.o(i.System_Init)
    TB6612_SetMotor                          0x080036fd   Thumb Code   132  control.o(i.TB6612_SetMotor)
    TIM2_IRQHandler                          0x08003785   Thumb Code     6  stm32f4xx_it.o(i.TIM2_IRQHandler)
    TIM3_IRQHandler                          0x08003791   Thumb Code     6  stm32f4xx_it.o(i.TIM3_IRQHandler)
    TIM_Base_SetConfig                       0x0800379d   Thumb Code   164  stm32f4xx_hal_tim.o(i.TIM_Base_SetConfig)
    TIM_CCxChannelCmd                        0x0800386d   Thumb Code    26  stm32f4xx_hal_tim.o(i.TIM_CCxChannelCmd)
    TIM_ETR_SetConfig                        0x08003887   Thumb Code    20  stm32f4xx_hal_tim.o(i.TIM_ETR_SetConfig)
    TIM_OC2_SetConfig                        0x0800390d   Thumb Code    98  stm32f4xx_hal_tim.o(i.TIM_OC2_SetConfig)
    UART_Start_Receive_IT                    0x08003ca1   Thumb Code    54  stm32f4xx_hal_uart.o(i.UART_Start_Receive_IT)
    USART1_IRQHandler                        0x08003d49   Thumb Code     6  stm32f4xx_it.o(i.USART1_IRQHandler)
    USART1_ProcessReceivedData               0x08003d55   Thumb Code   154  usart_handler.o(i.USART1_ProcessReceivedData)
    USART2_IRQHandler                        0x08003e11   Thumb Code     6  stm32f4xx_it.o(i.USART2_IRQHandler)
    USART3_IRQHandler                        0x08003e1d   Thumb Code     6  stm32f4xx_it.o(i.USART3_IRQHandler)
    UsageFault_Handler                       0x08003e29   Thumb Code     2  stm32f4xx_it.o(i.UsageFault_Handler)
    __0printf                                0x08003e2d   Thumb Code    22  printfa.o(i.__0printf)
    __1printf                                0x08003e2d   Thumb Code     0  printfa.o(i.__0printf)
    __2printf                                0x08003e2d   Thumb Code     0  printfa.o(i.__0printf)
    __c89printf                              0x08003e2d   Thumb Code     0  printfa.o(i.__0printf)
    printf                                   0x08003e2d   Thumb Code     0  printfa.o(i.__0printf)
    __scatterload_copy                       0x08003e6d   Thumb Code    14  handlers.o(i.__scatterload_copy)
    __scatterload_null                       0x08003e7b   Thumb Code     2  handlers.o(i.__scatterload_null)
    __scatterload_zeroinit                   0x08003e7d   Thumb Code    14  handlers.o(i.__scatterload_zeroinit)
    fputc                                    0x08004741   Thumb Code    18  usart.o(i.fputc)
    main                                     0x08004759   Thumb Code   170  main.o(i.main)
    g_header                                 0x080048ac   Data           1  usart_handler.o(.constdata)
    g_footer                                 0x080048ad   Data           3  usart_handler.o(.constdata)
    AHBPrescTable                            0x080048b0   Data          16  system_stm32f4xx.o(.constdata)
    APBPrescTable                            0x080048c0   Data           8  system_stm32f4xx.o(.constdata)
    Region$$Table$$Base                      0x080048c8   Number         0  anon$$obj.o(Region$$Table)
    Region$$Table$$Limit                     0x080048e8   Number         0  anon$$obj.o(Region$$Table)
    frame_state                              0x20000002   Data           1  usart_handler.o(.data)
    frame_index                              0x20000008   Data           2  usart_handler.o(.data)
    frame_buffer                             0x20000011   Data           5  usart_handler.o(.data)
    pid_control_enabled                      0x2000001c   Data           1  control.o(.data)
    turn_step                                0x2000001f   Data           1  control.o(.data)
    turn_initialized                         0x20000020   Data           1  control.o(.data)
    turn_start_left                          0x20000028   Data           4  control.o(.data)
    turn_start_right                         0x2000002c   Data           4  control.o(.data)
    interval_in                              0x20000038   Data           4  control.o(.data)
    interval_out                             0x2000003c   Data           4  control.o(.data)
    total_revolutions_right                  0x20000040   Data           4  control.o(.data)
    total_revolutions_left                   0x20000044   Data           4  control.o(.data)
    system_state                             0x20000048   Data           1  main.o(.data)
    medicine_taken                           0x20000049   Data           1  main.o(.data)
    sensor_state_8                           0x2000004a   Data           1  main.o(.data)
    In_Turn                                  0x2000004b   Data           1  main.o(.data)
    cross_cnt_go                             0x2000004c   Data           1  main.o(.data)
    GO_or_BACK                               0x2000004d   Data           1  main.o(.data)
    action_initialized                       0x2000004e   Data           1  main.o(.data)
    track_pkt_len                            0x20000050   Data           2  main.o(.data)
    __stdout                                 0x20000068   Data           4  usart.o(.data)
    uwTickFreq                               0x20000074   Data           1  stm32f4xx_hal.o(.data)
    uwTickPrio                               0x20000078   Data           4  stm32f4xx_hal.o(.data)
    uwTick                                   0x2000007c   Data           4  stm32f4xx_hal.o(.data)
    SystemCoreClock                          0x20000080   Data           4  system_stm32f4xx.o(.data)
    left_motor                               0x20000084   Data         180  control.o(.bss)
    right_motor                              0x20000138   Data         180  control.o(.bss)
    usart1_rx_buffer                         0x200001ec   Data         262  main.o(.bss)
    usart2_rx_buffer                         0x200002f2   Data         262  main.o(.bss)
    usart3_rx_buffer                         0x200003f8   Data         262  main.o(.bss)
    cross_go                                 0x200004fe   Data          20  main.o(.bss)
    htim2                                    0x20000514   Data          72  tim.o(.bss)
    htim3                                    0x2000055c   Data          72  tim.o(.bss)
    htim4                                    0x200005a4   Data          72  tim.o(.bss)
    htim8                                    0x200005ec   Data          72  tim.o(.bss)
    huart1                                   0x20000634   Data          72  usart.o(.bss)
    huart2                                   0x2000067c   Data          72  usart.o(.bss)
    huart3                                   0x200006c4   Data          72  usart.o(.bss)
    __initial_sp                             0x20000b10   Data           0  startup_stm32f407xx.o(STACK)



==============================================================================

Memory Map of the image

  Image Entry point : 0x08000189

  Load Region LR_IROM1 (Base: 0x08000000, Size: 0x0000496c, Max: 0x00100000, ABSOLUTE)

    Execution Region ER_IROM1 (Exec base: 0x08000000, Load base: 0x08000000, Size: 0x000048e8, Max: 0x00100000, ABSOLUTE)

    Exec Addr    Load Addr    Size         Type   Attr      Idx    E Section Name        Object

    0x08000000   0x08000000   0x00000188   Data   RO            3    RESET               startup_stm32f407xx.o
    0x08000188   0x08000188   0x00000000   Code   RO         3515  * .ARM.Collect$$$$00000000  mc_w.l(entry.o)
    0x08000188   0x08000188   0x00000004   Code   RO         3793    .ARM.Collect$$$$00000001  mc_w.l(entry2.o)
    0x0800018c   0x0800018c   0x00000004   Code   RO         3796    .ARM.Collect$$$$00000004  mc_w.l(entry5.o)
    0x08000190   0x08000190   0x00000000   Code   RO         3798    .ARM.Collect$$$$00000008  mc_w.l(entry7b.o)
    0x08000190   0x08000190   0x00000000   Code   RO         3800    .ARM.Collect$$$$0000000A  mc_w.l(entry8b.o)
    0x08000190   0x08000190   0x00000008   Code   RO         3801    .ARM.Collect$$$$0000000B  mc_w.l(entry9a.o)
    0x08000198   0x08000198   0x00000000   Code   RO         3803    .ARM.Collect$$$$0000000D  mc_w.l(entry10a.o)
    0x08000198   0x08000198   0x00000000   Code   RO         3805    .ARM.Collect$$$$0000000F  mc_w.l(entry11a.o)
    0x08000198   0x08000198   0x00000004   Code   RO         3794    .ARM.Collect$$$$00002712  mc_w.l(entry2.o)
    0x0800019c   0x0800019c   0x00000024   Code   RO            4    .text               startup_stm32f407xx.o
    0x080001c0   0x080001c0   0x00000062   Code   RO         3518    .text               mc_w.l(uldiv.o)
    0x08000222   0x08000222   0x00000024   Code   RO         3520    .text               mc_w.l(memcpya.o)
    0x08000246   0x08000246   0x00000024   Code   RO         3522    .text               mc_w.l(memseta.o)
    0x0800026a   0x0800026a   0x0000001c   Code   RO         3526    .text               mc_w.l(strcmp.o)
    0x08000286   0x08000286   0x00000026   Code   RO         3791    .text               mf_w.l(f2d.o)
    0x080002ac   0x080002ac   0x0000002c   Code   RO         3807    .text               mc_w.l(uidiv.o)
    0x080002d8   0x080002d8   0x0000001e   Code   RO         3809    .text               mc_w.l(llshl.o)
    0x080002f6   0x080002f6   0x00000020   Code   RO         3811    .text               mc_w.l(llushr.o)
    0x08000316   0x08000316   0x00000000   Code   RO         3813    .text               mc_w.l(iusefp.o)
    0x08000316   0x08000316   0x0000014e   Code   RO         3814    .text               mf_w.l(dadd.o)
    0x08000464   0x08000464   0x000000e4   Code   RO         3816    .text               mf_w.l(dmul.o)
    0x08000548   0x08000548   0x000000de   Code   RO         3818    .text               mf_w.l(ddiv.o)
    0x08000626   0x08000626   0x00000030   Code   RO         3820    .text               mf_w.l(dfixul.o)
    0x08000656   0x08000656   0x00000002   PAD
    0x08000658   0x08000658   0x00000030   Code   RO         3822    .text               mf_w.l(cdrcmple.o)
    0x08000688   0x08000688   0x00000024   Code   RO         3824    .text               mc_w.l(init.o)
    0x080006ac   0x080006ac   0x00000024   Code   RO         3826    .text               mc_w.l(llsshr.o)
    0x080006d0   0x080006d0   0x000000ba   Code   RO         3828    .text               mf_w.l(depilogue.o)
    0x0800078a   0x0800078a   0x00000002   Code   RO          841    i.BusFault_Handler  stm32f4xx_it.o
    0x0800078c   0x0800078c   0x00000030   Code   RO          231    i.Car_Go            control.o
    0x080007bc   0x080007bc   0x00000024   Code   RO          233    i.Car_Stop          control.o
    0x080007e0   0x080007e0   0x00000020   Code   RO          234    i.Car_Stop_Precise  control.o
    0x08000800   0x08000800   0x000000a8   Code   RO          235    i.Car_Straight_Then_Turn_Left_90_And_Stop  control.o
    0x080008a8   0x080008a8   0x000002ac   Code   RO          236    i.Car_Straight_Then_Turn_Right_90_And_Stop  control.o
    0x08000b54   0x08000b54   0x00000054   Code   RO          237    i.Car_Turn_Around_And_Stop  control.o
    0x08000ba8   0x08000ba8   0x00000002   Code   RO          842    i.DebugMon_Handler  stm32f4xx_it.o
    0x08000baa   0x08000baa   0x00000008   Code   RO          843    i.EXTI15_10_IRQHandler  stm32f4xx_it.o
    0x08000bb2   0x08000bb2   0x00000002   PAD
    0x08000bb4   0x08000bb4   0x00000034   Code   RO          240    i.Encoder_Init      control.o
    0x08000be8   0x08000be8   0x00000084   Code   RO          241    i.Encoder_Update    control.o
    0x08000c6c   0x08000c6c   0x00000004   Code   RO          451    i.Error_Handler     main.o
    0x08000c70   0x08000c70   0x000000a0   Code   RO          452    i.Execute_Cross_Action  main.o
    0x08000d10   0x08000d10   0x00000036   Code   RO          453    i.Execute_Line_Tracking  main.o
    0x08000d46   0x08000d46   0x00000002   PAD
    0x08000d48   0x08000d48   0x000000c8   Code   RO           15    i.GetPacket         usart_handler.o
    0x08000e10   0x08000e10   0x00000092   Code   RO         2429    i.HAL_DMA_Abort     stm32f4xx_hal_dma.o
    0x08000ea2   0x08000ea2   0x00000024   Code   RO         2430    i.HAL_DMA_Abort_IT  stm32f4xx_hal_dma.o
    0x08000ec6   0x08000ec6   0x00000002   PAD
    0x08000ec8   0x08000ec8   0x00000024   Code   RO         2866    i.HAL_Delay         stm32f4xx_hal.o
    0x08000eec   0x08000eec   0x00000074   Code   RO          844    i.HAL_GPIO_EXTI_Callback  stm32f4xx_it.o
    0x08000f60   0x08000f60   0x00000018   Code   RO         2321    i.HAL_GPIO_EXTI_IRQHandler  stm32f4xx_hal_gpio.o
    0x08000f78   0x08000f78   0x000001f0   Code   RO         2322    i.HAL_GPIO_Init     stm32f4xx_hal_gpio.o
    0x08001168   0x08001168   0x0000000a   Code   RO         2324    i.HAL_GPIO_ReadPin  stm32f4xx_hal_gpio.o
    0x08001172   0x08001172   0x0000000a   Code   RO         2326    i.HAL_GPIO_WritePin  stm32f4xx_hal_gpio.o
    0x0800117c   0x0800117c   0x0000000c   Code   RO         2872    i.HAL_GetTick       stm32f4xx_hal.o
    0x08001188   0x08001188   0x00000010   Code   RO         2878    i.HAL_IncTick       stm32f4xx_hal.o
    0x08001198   0x08001198   0x00000034   Code   RO         2879    i.HAL_Init          stm32f4xx_hal.o
    0x080011cc   0x080011cc   0x00000040   Code   RO         2880    i.HAL_InitTick      stm32f4xx_hal.o
    0x0800120c   0x0800120c   0x00000030   Code   RO          970    i.HAL_MspInit       stm32f4xx_hal_msp.o
    0x0800123c   0x0800123c   0x0000001a   Code   RO         2714    i.HAL_NVIC_EnableIRQ  stm32f4xx_hal_cortex.o
    0x08001256   0x08001256   0x00000002   PAD
    0x08001258   0x08001258   0x00000040   Code   RO         2720    i.HAL_NVIC_SetPriority  stm32f4xx_hal_cortex.o
    0x08001298   0x08001298   0x00000024   Code   RO         2721    i.HAL_NVIC_SetPriorityGrouping  stm32f4xx_hal_cortex.o
    0x080012bc   0x080012bc   0x00000134   Code   RO         1968    i.HAL_RCC_ClockConfig  stm32f4xx_hal_rcc.o
    0x080013f0   0x080013f0   0x00000020   Code   RO         1975    i.HAL_RCC_GetPCLK1Freq  stm32f4xx_hal_rcc.o
    0x08001410   0x08001410   0x00000020   Code   RO         1976    i.HAL_RCC_GetPCLK2Freq  stm32f4xx_hal_rcc.o
    0x08001430   0x08001430   0x00000060   Code   RO         1977    i.HAL_RCC_GetSysClockFreq  stm32f4xx_hal_rcc.o
    0x08001490   0x08001490   0x0000036c   Code   RO         1980    i.HAL_RCC_OscConfig  stm32f4xx_hal_rcc.o
    0x080017fc   0x080017fc   0x00000028   Code   RO         2725    i.HAL_SYSTICK_Config  stm32f4xx_hal_cortex.o
    0x08001824   0x08001824   0x00000002   Code   RO         1700    i.HAL_TIMEx_BreakCallback  stm32f4xx_hal_tim_ex.o
    0x08001826   0x08001826   0x00000002   Code   RO         1701    i.HAL_TIMEx_CommutCallback  stm32f4xx_hal_tim_ex.o
    0x08001828   0x08001828   0x00000090   Code   RO         1719    i.HAL_TIMEx_MasterConfigSynchronization  stm32f4xx_hal_tim_ex.o
    0x080018b8   0x080018b8   0x0000005a   Code   RO          996    i.HAL_TIM_Base_Init  stm32f4xx_hal_tim.o
    0x08001912   0x08001912   0x00000002   PAD
    0x08001914   0x08001914   0x00000060   Code   RO          687    i.HAL_TIM_Base_MspInit  tim.o
    0x08001974   0x08001974   0x000000dc   Code   RO         1005    i.HAL_TIM_ConfigClockSource  stm32f4xx_hal_tim.o
    0x08001a50   0x08001a50   0x000000a4   Code   RO         1017    i.HAL_TIM_Encoder_Init  stm32f4xx_hal_tim.o
    0x08001af4   0x08001af4   0x000000a8   Code   RO          689    i.HAL_TIM_Encoder_MspInit  tim.o
    0x08001b9c   0x08001b9c   0x0000008e   Code   RO         1020    i.HAL_TIM_Encoder_Start  stm32f4xx_hal_tim.o
    0x08001c2a   0x08001c2a   0x00000002   Code   RO         1030    i.HAL_TIM_IC_CaptureCallback  stm32f4xx_hal_tim.o
    0x08001c2c   0x08001c2c   0x00000130   Code   RO         1044    i.HAL_TIM_IRQHandler  stm32f4xx_hal_tim.o
    0x08001d5c   0x08001d5c   0x00000050   Code   RO          690    i.HAL_TIM_MspPostInit  tim.o
    0x08001dac   0x08001dac   0x00000002   Code   RO         1047    i.HAL_TIM_OC_DelayElapsedCallback  stm32f4xx_hal_tim.o
    0x08001dae   0x08001dae   0x000000cc   Code   RO         1068    i.HAL_TIM_PWM_ConfigChannel  stm32f4xx_hal_tim.o
    0x08001e7a   0x08001e7a   0x0000005a   Code   RO         1071    i.HAL_TIM_PWM_Init  stm32f4xx_hal_tim.o
    0x08001ed4   0x08001ed4   0x00000002   Code   RO         1073    i.HAL_TIM_PWM_MspInit  stm32f4xx_hal_tim.o
    0x08001ed6   0x08001ed6   0x00000002   Code   RO         1074    i.HAL_TIM_PWM_PulseFinishedCallback  stm32f4xx_hal_tim.o
    0x08001ed8   0x08001ed8   0x000000c8   Code   RO         1076    i.HAL_TIM_PWM_Start  stm32f4xx_hal_tim.o
    0x08001fa0   0x08001fa0   0x00000002   Code   RO         1082    i.HAL_TIM_PeriodElapsedCallback  stm32f4xx_hal_tim.o
    0x08001fa2   0x08001fa2   0x00000002   Code   RO         1087    i.HAL_TIM_TriggerCallback  stm32f4xx_hal_tim.o
    0x08001fa4   0x08001fa4   0x00000002   Code   RO         3129    i.HAL_UARTEx_RxEventCallback  stm32f4xx_hal_uart.o
    0x08001fa6   0x08001fa6   0x00000002   Code   RO         3143    i.HAL_UART_ErrorCallback  stm32f4xx_hal_uart.o
    0x08001fa8   0x08001fa8   0x00000280   Code   RO         3146    i.HAL_UART_IRQHandler  stm32f4xx_hal_uart.o
    0x08002228   0x08002228   0x00000064   Code   RO         3147    i.HAL_UART_Init     stm32f4xx_hal_uart.o
    0x0800228c   0x0800228c   0x00000120   Code   RO          765    i.HAL_UART_MspInit  usart.o
    0x080023ac   0x080023ac   0x0000001c   Code   RO         3152    i.HAL_UART_Receive_IT  stm32f4xx_hal_uart.o
    0x080023c8   0x080023c8   0x00000088   Code   RO          845    i.HAL_UART_RxCpltCallback  stm32f4xx_it.o
    0x08002450   0x08002450   0x000000a0   Code   RO         3155    i.HAL_UART_Transmit  stm32f4xx_hal_uart.o
    0x080024f0   0x080024f0   0x00000002   Code   RO         3158    i.HAL_UART_TxCpltCallback  stm32f4xx_hal_uart.o
    0x080024f2   0x080024f2   0x00000002   PAD
    0x080024f4   0x080024f4   0x000001d4   Code   RO          454    i.Handle_Arrival    main.o
    0x080026c8   0x080026c8   0x000000f8   Code   RO          455    i.Handle_Cross_Road  main.o
    0x080027c0   0x080027c0   0x00000002   Code   RO          846    i.HardFault_Handler  stm32f4xx_it.o
    0x080027c2   0x080027c2   0x00000002   PAD
    0x080027c4   0x080027c4   0x0000000c   Code   RO          242    i.Is_Motion_Complete  control.o
    0x080027d0   0x080027d0   0x00000150   Code   RO          243    i.Is_Position_Control_Complete  control.o
    0x08002920   0x08002920   0x0000001c   Code   RO          456    i.Line_Tracking_Task  main.o
    0x0800293c   0x0800293c   0x00000110   Code   RO          662    i.MX_GPIO_Init      gpio.o
    0x08002a4c   0x08002a4c   0x000000ac   Code   RO          691    i.MX_TIM2_Init      tim.o
    0x08002af8   0x08002af8   0x00000068   Code   RO          692    i.MX_TIM3_Init      tim.o
    0x08002b60   0x08002b60   0x00000068   Code   RO          693    i.MX_TIM4_Init      tim.o
    0x08002bc8   0x08002bc8   0x0000006c   Code   RO          694    i.MX_TIM8_Init      tim.o
    0x08002c34   0x08002c34   0x00000038   Code   RO          766    i.MX_USART1_UART_Init  usart.o
    0x08002c6c   0x08002c6c   0x00000038   Code   RO          767    i.MX_USART2_UART_Init  usart.o
    0x08002ca4   0x08002ca4   0x00000038   Code   RO          768    i.MX_USART3_UART_Init  usart.o
    0x08002cdc   0x08002cdc   0x00000002   Code   RO          847    i.MemManage_Handler  stm32f4xx_it.o
    0x08002cde   0x08002cde   0x00000002   PAD
    0x08002ce0   0x08002ce0   0x00000234   Code   RO          457    i.Motor_Action      main.o
    0x08002f14   0x08002f14   0x000000e4   Code   RO          244    i.Motor_Control_Task  control.o
    0x08002ff8   0x08002ff8   0x00000060   Code   RO          245    i.Motor_Init        control.o
    0x08003058   0x08003058   0x00000054   Code   RO          246    i.Motor_Left_SetSpeed  control.o
    0x080030ac   0x080030ac   0x00000124   Code   RO          247    i.Motor_PID_Init    control.o
    0x080031d0   0x080031d0   0x0000003c   Code   RO          248    i.Motor_PID_Position_Control  control.o
    0x0800320c   0x0800320c   0x00000032   Code   RO          249    i.Motor_PID_Speed_Control  control.o
    0x0800323e   0x0800323e   0x00000002   PAD
    0x08003240   0x08003240   0x00000054   Code   RO          250    i.Motor_Right_SetSpeed  control.o
    0x08003294   0x08003294   0x00000002   Code   RO          848    i.NMI_Handler       stm32f4xx_it.o
    0x08003296   0x08003296   0x00000002   PAD
    0x08003298   0x08003298   0x000000d0   Code   RO          252    i.PID_Compute       control.o
    0x08003368   0x08003368   0x00000060   Code   RO          253    i.PID_Init          control.o
    0x080033c8   0x080033c8   0x00000028   Code   RO          254    i.PID_Reset         control.o
    0x080033f0   0x080033f0   0x00000002   Code   RO          849    i.PendSV_Handler    stm32f4xx_it.o
    0x080033f2   0x080033f2   0x00000002   PAD
    0x080033f4   0x080033f4   0x00000014   Code   RO           16    i.Pi_Start          usart_handler.o
    0x08003408   0x08003408   0x000000a0   Code   RO          458    i.Process_Communication  main.o
    0x080034a8   0x080034a8   0x00000016   Code   RO          191    i.RingBuffer_Init   ring_buffer.o
    0x080034be   0x080034be   0x00000028   Code   RO          192    i.RingBuffer_Read   ring_buffer.o
    0x080034e6   0x080034e6   0x00000026   Code   RO          193    i.RingBuffer_Write  ring_buffer.o
    0x0800350c   0x0800350c   0x00000002   Code   RO          850    i.SVC_Handler       stm32f4xx_it.o
    0x0800350e   0x0800350e   0x00000002   PAD
    0x08003510   0x08003510   0x0000003c   Code   RO           17    i.Send_Packet       usart_handler.o
    0x0800354c   0x0800354c   0x00000040   Code   RO          257    i.Set_Control_Mode  control.o
    0x0800358c   0x0800358c   0x00000014   Code   RO          258    i.Set_Motor_Target_Position  control.o
    0x080035a0   0x080035a0   0x00000014   Code   RO          259    i.Set_Motor_Target_Speed  control.o
    0x080035b4   0x080035b4   0x00000004   Code   RO          851    i.SysTick_Handler   stm32f4xx_it.o
    0x080035b8   0x080035b8   0x00000094   Code   RO          460    i.SystemClock_Config  main.o
    0x0800364c   0x0800364c   0x00000010   Code   RO         3481    i.SystemInit        system_stm32f4xx.o
    0x0800365c   0x0800365c   0x000000a0   Code   RO          461    i.System_Init       main.o
    0x080036fc   0x080036fc   0x00000088   Code   RO          260    i.TB6612_SetMotor   control.o
    0x08003784   0x08003784   0x0000000c   Code   RO          852    i.TIM2_IRQHandler   stm32f4xx_it.o
    0x08003790   0x08003790   0x0000000c   Code   RO          853    i.TIM3_IRQHandler   stm32f4xx_it.o
    0x0800379c   0x0800379c   0x000000d0   Code   RO         1089    i.TIM_Base_SetConfig  stm32f4xx_hal_tim.o
    0x0800386c   0x0800386c   0x0000001a   Code   RO         1090    i.TIM_CCxChannelCmd  stm32f4xx_hal_tim.o
    0x08003886   0x08003886   0x00000014   Code   RO         1100    i.TIM_ETR_SetConfig  stm32f4xx_hal_tim.o
    0x0800389a   0x0800389a   0x00000010   Code   RO         1101    i.TIM_ITRx_SetConfig  stm32f4xx_hal_tim.o
    0x080038aa   0x080038aa   0x00000002   PAD
    0x080038ac   0x080038ac   0x00000060   Code   RO         1102    i.TIM_OC1_SetConfig  stm32f4xx_hal_tim.o
    0x0800390c   0x0800390c   0x0000006c   Code   RO         1103    i.TIM_OC2_SetConfig  stm32f4xx_hal_tim.o
    0x08003978   0x08003978   0x00000068   Code   RO         1104    i.TIM_OC3_SetConfig  stm32f4xx_hal_tim.o
    0x080039e0   0x080039e0   0x00000050   Code   RO         1105    i.TIM_OC4_SetConfig  stm32f4xx_hal_tim.o
    0x08003a30   0x08003a30   0x00000022   Code   RO         1107    i.TIM_TI1_ConfigInputStage  stm32f4xx_hal_tim.o
    0x08003a52   0x08003a52   0x00000024   Code   RO         1109    i.TIM_TI2_ConfigInputStage  stm32f4xx_hal_tim.o
    0x08003a76   0x08003a76   0x0000000e   Code   RO         3160    i.UART_DMAAbortOnError  stm32f4xx_hal_uart.o
    0x08003a84   0x08003a84   0x0000004e   Code   RO         3170    i.UART_EndRxTransfer  stm32f4xx_hal_uart.o
    0x08003ad2   0x08003ad2   0x000000c2   Code   RO         3172    i.UART_Receive_IT   stm32f4xx_hal_uart.o
    0x08003b94   0x08003b94   0x0000010c   Code   RO         3173    i.UART_SetConfig    stm32f4xx_hal_uart.o
    0x08003ca0   0x08003ca0   0x00000036   Code   RO         3175    i.UART_Start_Receive_IT  stm32f4xx_hal_uart.o
    0x08003cd6   0x08003cd6   0x00000072   Code   RO         3176    i.UART_WaitOnFlagUntilTimeout  stm32f4xx_hal_uart.o
    0x08003d48   0x08003d48   0x0000000c   Code   RO          854    i.USART1_IRQHandler  stm32f4xx_it.o
    0x08003d54   0x08003d54   0x000000bc   Code   RO           18    i.USART1_ProcessReceivedData  usart_handler.o
    0x08003e10   0x08003e10   0x0000000c   Code   RO          855    i.USART2_IRQHandler  stm32f4xx_it.o
    0x08003e1c   0x08003e1c   0x0000000c   Code   RO          856    i.USART3_IRQHandler  stm32f4xx_it.o
    0x08003e28   0x08003e28   0x00000002   Code   RO          857    i.UsageFault_Handler  stm32f4xx_it.o
    0x08003e2a   0x08003e2a   0x00000002   PAD
    0x08003e2c   0x08003e2c   0x00000020   Code   RO         3763    i.__0printf         mc_w.l(printfa.o)
    0x08003e4c   0x08003e4c   0x00000020   Code   RO         2727    i.__NVIC_SetPriority  stm32f4xx_hal_cortex.o
    0x08003e6c   0x08003e6c   0x0000000e   Code   RO         3832    i.__scatterload_copy  mc_w.l(handlers.o)
    0x08003e7a   0x08003e7a   0x00000002   Code   RO         3833    i.__scatterload_null  mc_w.l(handlers.o)
    0x08003e7c   0x08003e7c   0x0000000e   Code   RO         3834    i.__scatterload_zeroinit  mc_w.l(handlers.o)
    0x08003e8a   0x08003e8a   0x00000002   PAD
    0x08003e8c   0x08003e8c   0x00000184   Code   RO         3770    i._fp_digits        mc_w.l(printfa.o)
    0x08004010   0x08004010   0x000006dc   Code   RO         3771    i._printf_core      mc_w.l(printfa.o)
    0x080046ec   0x080046ec   0x00000024   Code   RO         3772    i._printf_post_padding  mc_w.l(printfa.o)
    0x08004710   0x08004710   0x0000002e   Code   RO         3773    i._printf_pre_padding  mc_w.l(printfa.o)
    0x0800473e   0x0800473e   0x00000002   PAD
    0x08004740   0x08004740   0x00000018   Code   RO          770    i.fputc             usart.o
    0x08004758   0x08004758   0x00000154   Code   RO          463    i.main              main.o
    0x080048ac   0x080048ac   0x00000004   Data   RO           21    .constdata          usart_handler.o
    0x080048b0   0x080048b0   0x00000010   Data   RO         3482    .constdata          system_stm32f4xx.o
    0x080048c0   0x080048c0   0x00000008   Data   RO         3483    .constdata          system_stm32f4xx.o
    0x080048c8   0x080048c8   0x00000020   Data   RO         3830    Region$$Table       anon$$obj.o


    Execution Region RW_IRAM1 (Exec base: 0x20000000, Load base: 0x080048e8, Size: 0x00000b10, Max: 0x0001c000, ABSOLUTE)

    Exec Addr    Load Addr    Size         Type   Attr      Idx    E Section Name        Object

    0x20000000   0x080048e8   0x0000001b   Data   RW           22    .data               usart_handler.o
    0x2000001b   0x08004903   0x00000001   PAD
    0x2000001c   0x08004904   0x0000002c   Data   RW          262    .data               control.o
    0x20000048   0x08004930   0x0000001f   Data   RW          465    .data               main.o
    0x20000067   0x0800494f   0x00000001   PAD
    0x20000068   0x08004950   0x00000004   Data   RW          772    .data               usart.o
    0x2000006c   0x08004954   0x00000008   Data   RW          858    .data               stm32f4xx_it.o
    0x20000074   0x0800495c   0x0000000c   Data   RW         2886    .data               stm32f4xx_hal.o
    0x20000080   0x08004968   0x00000004   Data   RW         3484    .data               system_stm32f4xx.o
    0x20000084        -       0x00000168   Zero   RW          261    .bss                control.o
    0x200001ec        -       0x00000326   Zero   RW          464    .bss                main.o
    0x20000512   0x0800496c   0x00000002   PAD
    0x20000514        -       0x00000120   Zero   RW          695    .bss                tim.o
    0x20000634        -       0x000000d8   Zero   RW          771    .bss                usart.o
    0x2000070c   0x0800496c   0x00000004   PAD
    0x20000710        -       0x00000400   Zero   RW            1    STACK               startup_stm32f407xx.o


    Execution Region RW_IRAM2 (Exec base: 0x2001c000, Load base: 0x0800496c, Size: 0x00000000, Max: 0x00004000, ABSOLUTE)

    **** No section assigned to this execution region ****


==============================================================================

Image component sizes


      Code (inc. data)   RO Data    RW Data    ZI Data      Debug   Object Name

      3062        732          0         44        360      19930   control.o
       272         20          0          0          0       1111   gpio.o
      2334       1188          0         31        806      72942   main.o
       100          0          0          0          0       1999   ring_buffer.o
        36          8        392          0       1024        856   startup_stm32f407xx.o
       180         28          0         12          0       9561   stm32f4xx_hal.o
       198         14          0          0          0      33927   stm32f4xx_hal_cortex.o
       182          0          0          0          0       2159   stm32f4xx_hal_dma.o
       540         52          0          0          0       3578   stm32f4xx_hal_gpio.o
        48          6          0          0          0        898   stm32f4xx_hal_msp.o
      1344         72          0          0          0       5372   stm32f4xx_hal_rcc.o
      2154        108          0          0          0      19361   stm32f4xx_hal_tim.o
       148         28          0          0          0       2561   stm32f4xx_hal_tim_ex.o
      1656         14          0          0          0      11704   stm32f4xx_hal_uart.o
       340         88          0          8          0       9318   stm32f4xx_it.o
        16          4         24          4          0       1187   system_stm32f4xx.o
       832         72          0          0        288       5425   tim.o
       480         60          0          4        216       5096   usart.o
       468         74          4         27          0     696363   usart_handler.o

    ----------------------------------------------------------------------
     14418       2568        452        132       2700     903348   Object Totals
         0          0         32          0          0          0   (incl. Generated)
        28          0          0          2          6          0   (incl. Padding)

    ----------------------------------------------------------------------

      Code (inc. data)   RO Data    RW Data    ZI Data      Debug   Library Member Name

         0          0          0          0          0          0   entry.o
         0          0          0          0          0          0   entry10a.o
         0          0          0          0          0          0   entry11a.o
         8          4          0          0          0          0   entry2.o
         4          0          0          0          0          0   entry5.o
         0          0          0          0          0          0   entry7b.o
         0          0          0          0          0          0   entry8b.o
         8          4          0          0          0          0   entry9a.o
        30          0          0          0          0          0   handlers.o
        36          8          0          0          0         68   init.o
         0          0          0          0          0          0   iusefp.o
        30          0          0          0          0         68   llshl.o
        36          0          0          0          0         68   llsshr.o
        32          0          0          0          0         68   llushr.o
        36          0          0          0          0         68   memcpya.o
        36          0          0          0          0        108   memseta.o
      2258         90          0          0          0        452   printfa.o
        28          0          0          0          0         76   strcmp.o
        44          0          0          0          0         80   uidiv.o
        98          0          0          0          0         92   uldiv.o
        48          0          0          0          0         68   cdrcmple.o
       334          0          0          0          0        148   dadd.o
       222          0          0          0          0        100   ddiv.o
       186          0          0          0          0        176   depilogue.o
        48          0          0          0          0         68   dfixul.o
       228          0          0          0          0         96   dmul.o
        38          0          0          0          0         68   f2d.o

    ----------------------------------------------------------------------
      3794        106          0          0          0       1872   Library Totals
         6          0          0          0          0          0   (incl. Padding)

    ----------------------------------------------------------------------

      Code (inc. data)   RO Data    RW Data    ZI Data      Debug   Library Name

      2684        106          0          0          0       1148   mc_w.l
      1104          0          0          0          0        724   mf_w.l

    ----------------------------------------------------------------------
      3794        106          0          0          0       1872   Library Totals

    ----------------------------------------------------------------------

==============================================================================


      Code (inc. data)   RO Data    RW Data    ZI Data      Debug   

     18212       2674        452        132       2700     892188   Grand Totals
     18212       2674        452        132       2700     892188   ELF Image Totals
     18212       2674        452        132          0          0   ROM Totals

==============================================================================

    Total RO  Size (Code + RO Data)                18664 (  18.23kB)
    Total RW  Size (RW Data + ZI Data)              2832 (   2.77kB)
    Total ROM Size (Code + RO Data + RW Data)      18796 (  18.36kB)

==============================================================================

